**********************
Windows PowerShell transcript start
Start time: 20260729165348
Username: GIRISH-KUMAR\giris
RunAs User: GIRISH-KUMAR\giris
Configuration Name: 
Machine: GIRISH-KUMAR (Microsoft Windows NT 10.0.19045.0)
Host Application: C:\WINDOWS\System32\WindowsPowerShell\v1.0\powershell.exe -ExecutionPolicy Bypass -File F:\NeelPrajnaPro\ops\T-005_fix_push.ps1
Process ID: 12524
PSVersion: 5.1.19041.6456
PSEdition: Desktop
PSCompatibleVersions: 1.0, 2.0, 3.0, 4.0, 5.0, 5.1.19041.6456
BuildVersion: 10.0.19041.6456
CLRVersion: 4.0.30319.42000
WSManStackVersion: 3.0
PSRemotingProtocolVersion: 2.3
SerializationVersion: 1.1.0.1
**********************
Transcript started, output file is F:\NeelPrajnaPro\ops\runlogs\T-005_fix_push.log
=== T-005 push repair === 2026-07-29T16:53:48.1596173+05:30

--- [1] fetch and identify both histories ---

da7b79a T-004: ops written-communication channel + bootstrap verification; T-001 script preserved
759015b BOOTSTRAP T-001: NeelPrajnaPro - QRF core forward (history preserved) + charter v2.0 estate + NP planning + governance + Book-A references; legacy repos paused
423c182 Gen-1 user manual: investigating hidden candlestick patterns as a sealed trading hypothesis on frozen machinery ΓÇö seven phases, role-scoped commands, anti-patterns. Honest scope: existence science remains Gen 2 (MRCG/RP-001).
origin/main is:
9821691 Initial commit
--- [2] safety gate: origin/main must be exactly 1 commit ---
origin/main commit count: 1
origin/main file list:
README.md

--- [3] overwrite the auto-init commit with the real history ---
git : To https://github.com/girishdomain-gum/NeelPrajnaPro.git
At F:\NeelPrajnaPro\ops\T-005_fix_push.ps1:47 char:5
+     git push --force-with-lease origin main 2>&1 | Out-String | Write ...
+     ~~~~~~~~~~~~~~~~~~~~~~~~~~~~~~~~~~~~~~~~~~~~
    + CategoryInfo          : NotSpecified: (To https://gith...elPrajnaPro.git:String) [], RemoteException
    + FullyQualifiedErrorId : NativeCommandError
 
 + 9821691...da7b79a main -> main (forced update)

--- [4] verify remote now equals local ---
local  HEAD: da7b79a8c8973537599a145fc1a1481618408669
remote HEAD: da7b79a8c8973537599a145fc1a1481618408669
## main...origin/main
 M ops/runlogs/T-004_verify_bootstrap.log
?? ops/T-005_fix_push.ps1
?? ops/runlogs/T-005_fix_push.log

--- [5] commit this log so the repo carries its own evidence ---
[main 5812d68] T-005: push repaired (remote auto-init replaced by real history); F-18 fail-loud fix applied
 2 files changed, 97 insertions(+)
 create mode 100644 ops/runlogs/T-005_fix_push.log
git : To https://github.com/girishdomain-gum/NeelPrajnaPro.git
At F:\NeelPrajnaPro\ops\T-005_fix_push.ps1:62 char:5
+     git push 2>&1 | Out-String | Write-Host
+     ~~~~~~~~~~~~~
    + CategoryInfo          : NotSpecified: (To https://gith...elPrajnaPro.git:String) [], RemoteException
    + FullyQualifiedErrorId : NativeCommandError
 
   da7b79a..5812d68  main -> main

RESULT: OK
**********************
Windows PowerShell transcript end
End time: 20260729165357
**********************
