**********************
Windows PowerShell transcript start
Start time: 20260729164504
Username: GIRISH-KUMAR\giris
RunAs User: GIRISH-KUMAR\giris
Configuration Name: 
Machine: GIRISH-KUMAR (Microsoft Windows NT 10.0.19045.0)
Host Application: C:\WINDOWS\System32\WindowsPowerShell\v1.0\powershell.exe -ExecutionPolicy Bypass -File F:\NeelPrajnaPro\ops\T-004_verify_bootstrap.ps1
Process ID: 13616
PSVersion: 5.1.19041.6456
PSEdition: Desktop
PSCompatibleVersions: 1.0, 2.0, 3.0, 4.0, 5.0, 5.1.19041.6456
BuildVersion: 10.0.19041.6456
CLRVersion: 4.0.30319.42000
WSManStackVersion: 3.0
PSRemotingProtocolVersion: 2.3
SerializationVersion: 1.1.0.1
**********************
Transcript started, output file is F:\NeelPrajnaPro\ops\runlogs\T-004_verify_bootstrap.log
=== T-004 bootstrap verification === 2026-07-29T16:45:05.0410425+05:30

--- [1/7] git identity of this tree ---




--- [2/7] push state vs origin ---
git : From https://github.com/girishdomain-gum/NeelPrajnaPro
At F:\NeelPrajnaPro\ops\T-004_verify_bootstrap.ps1:26 char:1
+ git fetch origin 2>&1 | Out-Host
+ ~~~~~~~~~~~~~~~~~~~~~
    + CategoryInfo          : NotSpecified: (From https://gi...m/NeelPrajnaPro:String) [], RemoteException
    + FullyQualifiedErrorId : NativeCommandError

 + 423c182...9821691 main       -> origin/main  (forced update)

Commits ahead of origin/main: 151   behind: 1

--- [3/7] tree counts (copied core) ---
qrf              57 files
ivf             146 files
tests            69 files
configs           5 files
hypotheses        0 files
datastore        17 files
scripts          32 files
docs            198 files

--- [4/7] excluded junk should be absent ---
OK: .venv absent
OK: .pytest_cache absent
OK: .ruff_cache absent

--- [5/7] pause markers in legacy repos ---
OK: F:\QRF\PAUSED.md
# ARCHIVED 2026-07-29 - all work continues at F:\NeelPrajnaPro (github.com/girishdomain-gum/NeelPrajnaPro). No commits here after this marker. Ruling: OWNER_RULINGS_2026-07-29.md R-1.
OK: F:\NeelPrajna\repo\PAUSED.md
# PAUSED 2026-07-29 - no new work orders or bridge jobs while the pause holds. Scoped unpause required for the R6 lab work (NP-S2). Ruling: OWNER_RULINGS_2026-07-29.md R-1.

--- [6/7] tidy: BootScript.bat root -> ops\ ---
Moved to ops\T-001_BootScript_as_run.bat (preserved as the T-001 record)

--- [7/7] commit + push the ops channel ---
git : warning: in the working copy of 'ops/T-004_verify_bootstrap.ps1', LF will be replaced by CRLF the next time Git touches it
At F:\NeelPrajnaPro\ops\T-004_verify_bootstrap.ps1:57 char:1
+ git add ops docs/governance 2>&1 | Out-Host
+ ~~~~~~~~~~~~~~~~~~~~~~~~~~~~~~~~
    + CategoryInfo          : NotSpecified: (warning: in the... Git touches it:String) [], RemoteException
    + FullyQualifiedErrorId : NativeCommandError


[main da7b79a] T-004: ops written-communication channel + bootstrap verification; T-001 script preserved
 5 files changed, 101 insertions(+), 4 deletions(-)
 create mode 100644 ops/README_OPS.md
 rename BootScript.bat => ops/T-001_BootScript_as_run.bat (100%)
 create mode 100644 ops/T-004_verify_bootstrap.ps1
 create mode 100644 ops/runlogs/T-004_verify_bootstrap.log
git : To https://github.com/girishdomain-gum/NeelPrajnaPro.git
At F:\NeelPrajnaPro\ops\T-004_verify_bootstrap.ps1:60 char:1
+ git push 2>&1 | Out-Host
+ ~~~~~~~~~~~~~
    + CategoryInfo          : NotSpecified: (To https://gith...elPrajnaPro.git:String) [], RemoteException
    + FullyQualifiedErrorId : NativeCommandError

 ! [rejected]        main -> main (non-fast-forward)
error: failed to push some refs to 'https://github.com/girishdomain-gum/NeelPrajnaPro.git'
hint: Updates were rejected because the tip of your current branch is behind
hint: its remote counterpart. If you want to integrate the remote changes,
hint: use 'git pull' before pushing again.
hint: See the 'Note about fast-forwards' in 'git push --help' for details.


RESULT: OK
**********************
Windows PowerShell transcript end
End time: 20260729164510
**********************
