**********************
Windows PowerShell transcript start
Start time: 20260729212913
Username: GIRISH-KUMAR\giris
RunAs User: GIRISH-KUMAR\giris
Configuration Name: 
Machine: GIRISH-KUMAR (Microsoft Windows NT 10.0.19045.0)
Host Application: C:\WINDOWS\System32\WindowsPowerShell\v1.0\powershell.exe -ExecutionPolicy Bypass -File F:\NeelPrajnaPro\ops\T-012_commit_uniform_structure.ps1
Process ID: 13712
PSVersion: 5.1.19041.6456
PSEdition: Desktop
PSCompatibleVersions: 1.0, 2.0, 3.0, 4.0, 5.0, 5.1.19041.6456
BuildVersion: 10.0.19041.6456
CLRVersion: 4.0.30319.42000
WSManStackVersion: 3.0
PSRemotingProtocolVersion: 2.3
SerializationVersion: 1.1.0.1
**********************
Transcript started, output file is F:\NeelPrajnaPro\ops\runlogs\T-012_commit_uniform_structure.log
=== T-012 commit uniform structure === 2026-07-29T21:29:13.2009605+05:30
--- [1] invariant: root = README + THE_ONE_PAGE; every thing-folder = one basename ---
root files: README.md, THE_ONE_PAGE.md
docs\vision            basenames: 1 (must be 1)
docs\constitution      basenames: 1 (must be 1)
docs\scientific_model  basenames: 1 (must be 1)
docs\architecture      basenames: 1 (must be 1)
docs\execution_plan    basenames: 1 (must be 1)
docs\vv_plan           basenames: 1 (must be 1)
docs\automation        basenames: 1 (must be 1)
docs\roles             basenames: 1 (must be 1)
docs\writing_standard  basenames: 1 (must be 1)
docs\journal           basenames: 1 (must be 1)
docs\decisions         basenames: 1 (must be 1)
docs\research          basenames: 1 (must be 1)
docs\reports           basenames: 1 (must be 1)
docs\reference         basenames: 1 (must be 1)
--- [2] commit + push (renames auto-detected) ---
git : warning: in the working copy of 'ops/runlogs/T-011_uniform_structure.log', CRLF will be replaced by LF the next time Git touches it
At F:\NeelPrajnaPro\ops\T-012_commit_uniform_structure.ps1:30 char:1
+ git add -A 2>&1 | Out-String | Write-Host
+ ~~~~~~~~~~~~~~~
    + CategoryInfo          : NotSpecified: (warning: in the... Git touches it:String) [], RemoteException
    + FullyQualifiedErrorId : NativeCommandError
 
warning: in the working copy of 'ops/T-012_commit_uniform_structure.ps1', LF will be replaced by CRLF the next time Git touches it
[main e67e8a1] T-012: uniform structure v2.0 complete - all masters in thing-folders with synced basenames (moves by Architect via connector after T-011 script path failure); cross-references patched
 13 files changed, 243 insertions(+), 6 deletions(-)
 rename docs/{AUTOMATION.md => automation/NeelPrajnaPro_Automation-v1.0.md} (100%)
 rename docs/{CONSTITUTION.md => constitution/NeelPrajnaPro_Constitution-v1.0.md} (100%)
 rename docs/{EXECUTION_PLAN.md => execution_plan/NeelPrajnaPro_Execution_Plan-v1.0.md} (94%)
 rename docs/{JOURNAL.md => journal/NeelPrajnaPro_Journal.md} (85%)
 rename docs/{ROLES_AND_COMMUNICATION.md => roles/NeelPrajnaPro_Roles_And_Communication-v1.0.md} (100%)
 rename docs/{SCIENTIFIC_MODEL.md => scientific_model/NeelPrajnaPro_Scientific_Model-v1.0.md} (100%)
 rename docs/{VISION.md => vision/NeelPrajnaPro_Vision-v1.0.md} (100%)
 rename docs/{VV_PLAN.md => vv_plan/NeelPrajnaPro_VV_Plan-v1.0.md} (100%)
 rename docs/{WRITING_STANDARD.md => writing_standard/NeelPrajnaPro_Writing_Standard-v1.0.md} (100%)
 create mode 100644 ops/T-012_commit_uniform_structure.ps1
 create mode 100644 ops/runlogs/T-012_commit_uniform_structure.log
git : To https://github.com/girishdomain-gum/NeelPrajnaPro.git
At F:\NeelPrajnaPro\ops\T-012_commit_uniform_structure.ps1:33 char:1
+ git push 2>&1 | Out-String | Write-Host
+ ~~~~~~~~~~~~~
    + CategoryInfo          : NotSpecified: (To https://gith...elPrajnaPro.git:String) [], RemoteException
    + FullyQualifiedErrorId : NativeCommandError
 
   5aedad1..e67e8a1  main -> main
e67e8a1 T-012: uniform structure v2.0 complete - all masters in thing-folders with synced basenames (moves by Architect via connector after T-011 script path failure); cross-references patched
5aedad1 T-011: uniform structure law v2.0 - one folder per thing, synced md/docx twin basenames, history preserved via git mv
 M ops/runlogs/T-012_commit_uniform_structure.log

RESULT: OK
**********************
Windows PowerShell transcript end
End time: 20260729212916
**********************
