**********************
Windows PowerShell transcript start
Start time: 20260729224504
Username: GIRISH-KUMAR\giris
RunAs User: GIRISH-KUMAR\giris
Configuration Name: 
Machine: GIRISH-KUMAR (Microsoft Windows NT 10.0.19045.0)
Host Application: C:\WINDOWS\System32\WindowsPowerShell\v1.0\powershell.exe -ExecutionPolicy Bypass -File F:\NeelPrajnaPro\ops\T-014_commit_relocation.ps1
Process ID: 13828
PSVersion: 5.1.19041.6456
PSEdition: Desktop
PSCompatibleVersions: 1.0, 2.0, 3.0, 4.0, 5.0, 5.1.19041.6456
BuildVersion: 10.0.19041.6456
CLRVersion: 4.0.30319.42000
WSManStackVersion: 3.0
PSRemotingProtocolVersion: 2.3
SerializationVersion: 1.1.0.1
**********************
Transcript started, output file is F:\NeelPrajnaPro\ops\runlogs\T-014_commit_relocation.log
=== T-014 commit relocation === 2026-07-29T22:45:04.1158476+05:30
--- [1] verify relocation ---
reference_configs file count: 8 (expect 8)
OK: old path gone
--- [2] commit + push (docs + qrf only; log committed separately below) ---

[main 57e4b47] T-014: relocate phase6_examples (.idea/.seq/.set) from docs\books to qrf\trading\concepts\neelprajna\reference_configs - code artifacts, not documentation
 9 files changed, 8 insertions(+)
 rename {docs/books/book-a-neelprajna/reference/plans/phase6_examples => qrf/trading/concepts/neelprajna/reference_configs}/KL_SweepConfirm.idea (100%)
 rename {docs/books/book-a-neelprajna/reference/plans/phase6_examples => qrf/trading/concepts/neelprajna/reference_configs}/KL_SweepConfirm.seq (100%)
 rename {docs/books/book-a-neelprajna/reference/plans/phase6_examples => qrf/trading/concepts/neelprajna/reference_configs}/NeelPrajna_SEQ_KL_SweepConfirm.set (100%)
 rename {docs/books/book-a-neelprajna/reference/plans/phase6_examples => qrf/trading/concepts/neelprajna/reference_configs}/NeelPrajna_STATIC_T1_B1B6.set (100%)
 rename {docs/books/book-a-neelprajna/reference/plans/phase6_examples => qrf/trading/concepts/neelprajna/reference_configs}/README.md (62%)
 rename {docs/books/book-a-neelprajna/reference/plans/phase6_examples => qrf/trading/concepts/neelprajna/reference_configs}/StructBreak_Retest3.seq (100%)
 rename {docs/books/book-a-neelprajna/reference/plans/phase6_examples => qrf/trading/concepts/neelprajna/reference_configs}/T1_B1B6.idea (100%)
 rename {docs/books/book-a-neelprajna/reference/plans/phase6_examples => qrf/trading/concepts/neelprajna/reference_configs}/TrendPullback_Fibo.seq (100%)
git : To https://github.com/girishdomain-gum/NeelPrajnaPro.git
At F:\NeelPrajnaPro\ops\T-014_commit_relocation.ps1:34 char:1
+ git push 2>&1 | Out-String | Write-Host
+ ~~~~~~~~~~~~~
    + CategoryInfo          : NotSpecified: (To https://gith...elPrajnaPro.git:String) [], RemoteException
    + FullyQualifiedErrorId : NativeCommandError
 
   f002b0b..57e4b47  main -> main
57e4b47 T-014: relocate phase6_examples (.idea/.seq/.set) from docs\books to qrf\trading\concepts\neelprajna\reference_configs - code artifacts, not documentation
f002b0b T-013: root cleanup - Gen-1 S2 CSV artifacts and REPO_BOOTSTRAP archived (provenance preserved); README rewritten as NeelPrajnaPro front door

RESULT: OK
**********************
Windows PowerShell transcript end
End time: 20260729224507
**********************
