**********************
Windows PowerShell transcript start
Start time: 20260730010031
Username: GIRISH-KUMAR\giris
RunAs User: GIRISH-KUMAR\giris
Configuration Name: 
Machine: GIRISH-KUMAR (Microsoft Windows NT 10.0.19045.0)
Host Application: C:\WINDOWS\System32\WindowsPowerShell\v1.0\powershell.exe -ExecutionPolicy Bypass -File F:\NeelPrajnaPro\ops\T-026_place_research_docx.ps1
Process ID: 7836
PSVersion: 5.1.19041.6456
PSEdition: Desktop
PSCompatibleVersions: 1.0, 2.0, 3.0, 4.0, 5.0, 5.1.19041.6456
BuildVersion: 10.0.19041.6456
CLRVersion: 4.0.30319.42000
WSManStackVersion: 3.0
PSRemotingProtocolVersion: 2.3
SerializationVersion: 1.1.0.1
**********************
Transcript started, output file is F:\NeelPrajnaPro\ops\runlogs\T-026_place_research_docx.log
=== T-026 place Research docx twin === 2026-07-30T01:00:31.5747525+05:30
--- [1] fetch from Downloads ---
NOT FOUND in Downloads: NeelPrajnaPro_Research-v1.0.docx

RESULT: FAILED - docx missing
**********************
Windows PowerShell transcript end
End time: 20260730010031
**********************
