**********************
Windows PowerShell transcript start
Start time: 20260730002815
Username: GIRISH-KUMAR\giris
RunAs User: GIRISH-KUMAR\giris
Configuration Name: 
Machine: GIRISH-KUMAR (Microsoft Windows NT 10.0.19045.0)
Host Application: C:\WINDOWS\System32\WindowsPowerShell\v1.0\powershell.exe -ExecutionPolicy Bypass -File F:\NeelPrajnaPro\ops\T-020_place_vv_plan_docx.ps1
Process ID: 7740
PSVersion: 5.1.19041.6456
PSEdition: Desktop
PSCompatibleVersions: 1.0, 2.0, 3.0, 4.0, 5.0, 5.1.19041.6456
BuildVersion: 10.0.19041.6456
CLRVersion: 4.0.30319.42000
WSManStackVersion: 3.0
PSRemotingProtocolVersion: 2.3
SerializationVersion: 1.1.0.1
**********************
Transcript started, output file is F:\NeelPrajnaPro\ops\runlogs\T-020_place_vv_plan_docx.log
=== T-020 place VV_Plan docx twin === 2026-07-30T00:28:15.6800194+05:30
--- [1] fetch from Downloads ---
placed docs\vv_plan\NeelPrajnaPro_VV_Plan-v1.0.docx
--- [2] verify twin invariant ---
basenames: NeelPrajnaPro_VV_Plan-v1.0
files: NeelPrajnaPro_VV_Plan-v1.0.docx, NeelPrajnaPro_VV_Plan-v1.0.md
--- [3] commit + push ---

On branch main
Your branch is up to date with 'origin/main'.

Changes not staged for commit:
  (use "git add <file>..." to update what will be committed)
  (use "git restore <file>..." to discard changes in working directory)
	modified:   ops/runlogs/T-020_place_vv_plan_docx.log

Untracked files:
  (use "git add <file>..." to include in what will be committed)
	ops/T-016_place_scientific_model_docx.ps1
	ops/T-017_place_vision_docx.ps1
	ops/T-018_place_execution_plan_docx.ps1
	ops/T-019_place_constitution_docx.ps1
	ops/T-020_place_vv_plan_docx.ps1

no changes added to commit (use "git add" and/or "git commit -a")
commit exit: 1
git : Everything up-to-date
At F:\NeelPrajnaPro\ops\T-020_place_vv_plan_docx.ps1:41 char:1
+ git push 2>&1 | Out-String | Write-Host
+ ~~~~~~~~~~~~~
    + CategoryInfo          : NotSpecified: (Everything up-to-date:String) [], RemoteException
    + FullyQualifiedErrorId : NativeCommandError
abc446f T-020: attach run log
640ebaf T-020: VV_Plan docx twin placed (whiteboard render, 4 diagrams, per HOW_THIS_DOC_WAS_BUILT.md)

RESULT: FAILED - see sections above
**********************
Windows PowerShell transcript end
End time: 20260730002817
**********************
