**********************
Windows PowerShell transcript start
Start time: 20260730003811
Username: GIRISH-KUMAR\giris
RunAs User: GIRISH-KUMAR\giris
Configuration Name: 
Machine: GIRISH-KUMAR (Microsoft Windows NT 10.0.19045.0)
Host Application: C:\WINDOWS\System32\WindowsPowerShell\v1.0\powershell.exe -ExecutionPolicy Bypass -File F:\NeelPrajnaPro\ops\T-023_sweep_ops_scripts.ps1
Process ID: 10180
PSVersion: 5.1.19041.6456
PSEdition: Desktop
PSCompatibleVersions: 1.0, 2.0, 3.0, 4.0, 5.0, 5.1.19041.6456
BuildVersion: 10.0.19041.6456
CLRVersion: 4.0.30319.42000
WSManStackVersion: 3.0
PSRemotingProtocolVersion: 2.3
SerializationVersion: 1.1.0.1
**********************
Transcript started, output file is F:\NeelPrajnaPro\ops\runlogs\T-023_sweep_ops_scripts.log
=== T-023 sweep untracked ops scripts (F-22 fix) === 2026-07-30T00:38:11.7412349+05:30
--- [1] show what's untracked before the sweep ---
 M ops/runlogs/T-023_sweep_ops_scripts.log
?? ops/T-024_place_writing_standard_docx.ps1
--- [2] stage everything under ops (scripts + any stray logs) ---
git : warning: in the working copy of 'ops/T-024_place_writing_standard_docx.ps1', LF will be replaced by CRLF the next time Git touches it
At F:\NeelPrajnaPro\ops\T-023_sweep_ops_scripts.ps1:23 char:1
+ git add ops 2>&1 | Out-String | Write-Host
+ ~~~~~~~~~~~~~~~~
    + CategoryInfo          : NotSpecified: (warning: in the... Git touches it:String) [], RemoteException
    + FullyQualifiedErrorId : NativeCommandError
A  ops/T-024_place_writing_standard_docx.ps1
MM ops/runlogs/T-023_sweep_ops_scripts.log
--- [3] commit + push (only if there is something staged) ---
[main de755b1] T-023: sweep untracked ops scripts (F-22 fix) - T-016..T-022 placement scripts committed; template updated so future scripts stage ops+docs together
 2 files changed, 57 insertions(+), 83 deletions(-)
 create mode 100644 ops/T-024_place_writing_standard_docx.ps1
git : To https://github.com/girishdomain-gum/NeelPrajnaPro.git
At F:\NeelPrajnaPro\ops\T-023_sweep_ops_scripts.ps1:31 char:5
+     git push 2>&1 | Out-String | Write-Host
+     ~~~~~~~~~~~~~
    + CategoryInfo          : NotSpecified: (To https://gith...elPrajnaPro.git:String) [], RemoteException
    + FullyQualifiedErrorId : NativeCommandError
 
   fcbf5ca..de755b1  main -> main
de755b1 T-023: sweep untracked ops scripts (F-22 fix) - T-016..T-022 placement scripts committed; template updated so future scripts stage ops+docs together
fcbf5ca T-022: attach run log
d679329 T-022: Automation docx twin placed (whiteboard render, 3 diagrams, per HOW_THIS_DOC_WAS_BUILT.md)

RESULT: OK
**********************
Windows PowerShell transcript end
End time: 20260730003814
**********************
