**********************
Windows PowerShell transcript start
Start time: 20260730161455
Username: GIRISH-KUMAR\giris
RunAs User: GIRISH-KUMAR\giris
Configuration Name: 
Machine: GIRISH-KUMAR (Microsoft Windows NT 10.0.19045.0)
Host Application: C:\WINDOWS\System32\WindowsPowerShell\v1.0\powershell.exe -ExecutionPolicy Bypass -File F:\NeelPrajnaPro\ops\T-038_commit_h07_adr_and_aro_process.ps1
Process ID: 13768
PSVersion: 5.1.19041.6456
PSEdition: Desktop
PSCompatibleVersions: 1.0, 2.0, 3.0, 4.0, 5.0, 5.1.19041.6456
BuildVersion: 10.0.19041.6456
CLRVersion: 4.0.30319.42000
WSManStackVersion: 3.0
PSRemotingProtocolVersion: 2.3
SerializationVersion: 1.1.0.1
**********************
Transcript started, output file is F:\NeelPrajnaPro\ops\runlogs\T-038_commit_h07_adr_and_aro_process.log
=== T-038 COMMIT H-07 v1.1 ADR + PRE-RATIFICATION REVIEW + ARO PROCESS === 2026-07-30T16:14:55.8122739+05:30
--- [1] outstanding before commit ---
 M ops/ARO_Execution_Process_v1.0.md
 M ops/T-038_commit_h07_adr_and_aro_process.ps1
 M ops/runlogs/T-038_commit_h07_adr_and_aro_process.log
?? ops/ARO_Execution_Process_v2.0.md
?? ops/REPOSITORY_AUTONOMY_v3.0.md
--- [2] verify the three records exist ---
OK:      ops\NP-ADR-H07_definition_v1.1_draft_v1.0.md
OK:      ops\PRE_RATIFICATION_REVIEW_H07_v1.1.md
OK:      ops\ARO_Execution_Process_v1.0.md
OK:      ops\ARO_Execution_Process_v2.0.md
OK:      ops\REPOSITORY_AUTONOMY_v3.0.md
--- [3] verify the review's mandatory-issue block is present ---
OK: M1 recorded
OK: M2 recorded
OK: M3 recorded
OK: M4 recorded
OK: M5 recorded
OK: M6 recorded
OK: M7 recorded
--- [4] confirm no frozen document was touched in this working tree ---
OK: no frozen document modified (execution_plan / constitution clean)
--- [5] stage docs AND ops together (F-22), commit, push ---
git : warning: in the working copy of 'ops/T-038_commit_h07_adr_and_aro_process.ps1', LF will be replaced by CRLF the next time Git touches it
At F:\NeelPrajnaPro\ops\T-038_commit_h07_adr_and_aro_process.ps1:55 char:1
+ git add docs ops 2>&1 | Out-String | Write-Host
+ ~~~~~~~~~~~~~~~~~~~~~
    + CategoryInfo          : NotSpecified: (warning: in the... Git touches it:String) [], RemoteException
    + FullyQualifiedErrorId : NativeCommandError
staged files:
ops/ARO_Execution_Process_v1.0.md
ops/ARO_Execution_Process_v2.0.md
ops/REPOSITORY_AUTONOMY_v3.0.md
ops/T-038_commit_h07_adr_and_aro_process.ps1
ops/runlogs/T-038_commit_h07_adr_and_aro_process.log
[main be58711] T-038: H-07 SS5 v1.1 ADR draft + pre-ratification review (M1-M7) + ARO execution process v2.0 repository-first (pull queues, git-lease claiming, role mailboxes, handover package, Owner three-verb model; v1.0 superseded) + repository autonomy layer v3.0 (boot spec, generated manifests by reference-not-restatement, discovery, recovery, state model, multi-session rules)
 5 files changed, 401 insertions(+), 82 deletions(-)
 create mode 100644 ops/ARO_Execution_Process_v2.0.md
 create mode 100644 ops/REPOSITORY_AUTONOMY_v3.0.md
git : To https://github.com/girishdomain-gum/NeelPrajnaPro.git
At F:\NeelPrajnaPro\ops\T-038_commit_h07_adr_and_aro_process.ps1:61 char:5
+     git push 2>&1 | Out-String | Write-Host
+     ~~~~~~~~~~~~~
    + CategoryInfo          : NotSpecified: (To https://gith...elPrajnaPro.git:String) [], RemoteException
    + FullyQualifiedErrorId : NativeCommandError
 
   63e33cc..be58711  main -> main
be58711 T-038: H-07 SS5 v1.1 ADR draft + pre-ratification review (M1-M7) + ARO execution process v2.0 repository-first (pull queues, git-lease claiming, role mailboxes, handover package, Owner three-verb model; v1.0 superseded) + repository autonomy layer v3.0 (boot spec, generated manifests by reference-not-restatement, discovery, recovery, state model, multi-session rules)
63e33cc T-038: attach run log
afaee72 T-038: H-07 SS5 v1.1 ADR draft + pre-ratification review (M1-M7: lineage naming, family-string alpha binding, 8-not-9 battery steps, 6-not-7 bespoke gates, missing cost model, battery re-simulates rather than judging the 324, no M5 scope/dataset) + ARO execution process v1.0 (work-order workflow, routing, escalation, Owner decision packet)
--- [6] tree state after commit ---
 M ops/runlogs/T-038_commit_h07_adr_and_aro_process.log

RESULT: OK - ADR draft, review and ARO process committed and pushed; ready for Chief Scientist review
**********************
Windows PowerShell transcript end
End time: 20260730161459
**********************
