**********************
Windows PowerShell transcript start
Start time: 20260730093312
Username: GIRISH-KUMAR\giris
RunAs User: GIRISH-KUMAR\giris
Configuration Name: 
Machine: GIRISH-KUMAR (Microsoft Windows NT 10.0.19045.0)
Host Application: C:\WINDOWS\System32\WindowsPowerShell\v1.0\powershell.exe -ExecutionPolicy Bypass -File F:\NeelPrajnaPro\ops\T-031_place_execution_plan_v2_docx.ps1
Process ID: 14808
PSVersion: 5.1.19041.6456
PSEdition: Desktop
PSCompatibleVersions: 1.0, 2.0, 3.0, 4.0, 5.0, 5.1.19041.6456
BuildVersion: 10.0.19041.6456
CLRVersion: 4.0.30319.42000
WSManStackVersion: 3.0
PSRemotingProtocolVersion: 2.3
SerializationVersion: 1.1.0.1
**********************
Transcript started, output file is F:\NeelPrajnaPro\ops\runlogs\T-031_place_execution_plan_v2_docx.log
=== T-031 place Execution Plan v2.0 docx twin === 2026-07-30T09:33:12.1910148+05:30
--- [1] fetch from Downloads ---
placed docs\execution_plan\NeelPrajnaPro_Execution_Plan-v2.0.docx
--- [2] verify twin invariant restored ---
basenames: NeelPrajnaPro_Execution_Plan-v2.0
files: NeelPrajnaPro_Execution_Plan-v2.0.docx, NeelPrajnaPro_Execution_Plan-v2.0.md
--- [3] commit docs + ops together ---
git : warning: in the working copy of 'ops/runlogs/T-030_execution_plan_v2.log', CRLF will be replaced by LF the next time Git touches it
At F:\NeelPrajnaPro\ops\T-031_place_execution_plan_v2_docx.ps1:38 char:1
+ git add docs ops 2>&1 | Out-String | Write-Host
+ ~~~~~~~~~~~~~~~~~~~~~
    + CategoryInfo          : NotSpecified: (warning: in the... Git touches it:String) [], RemoteException
    + FullyQualifiedErrorId : NativeCommandError
 
warning: in the working copy of 'ops/T-031_place_execution_plan_v2_docx.ps1', LF will be replaced by CRLF the next time Git touches it
[main 37238e0] T-031: Execution Plan v2.0 docx twin placed (5 diagrams: five-phase ladder, component map, TARGET-to-BUILT ladder, Owner's three typed lines, H-07 event chain)
 3 files changed, 54 insertions(+)
 create mode 100644 docs/execution_plan/NeelPrajnaPro_Execution_Plan-v2.0.docx
 create mode 100644 ops/T-031_place_execution_plan_v2_docx.ps1
 create mode 100644 ops/runlogs/T-031_place_execution_plan_v2_docx.log
git : To https://github.com/girishdomain-gum/NeelPrajnaPro.git
At F:\NeelPrajnaPro\ops\T-031_place_execution_plan_v2_docx.ps1:43 char:5
+     git push 2>&1 | Out-String | Write-Host
+     ~~~~~~~~~~~~~
    + CategoryInfo          : NotSpecified: (To https://gith...elPrajnaPro.git:String) [], RemoteException
    + FullyQualifiedErrorId : NativeCommandError
 
   6912fed..37238e0  main -> main
37238e0 T-031: Execution Plan v2.0 docx twin placed (5 diagrams: five-phase ladder, component map, TARGET-to-BUILT ladder, Owner's three typed lines, H-07 event chain)
6912fed T-030: attach run log
91624f7 T-030: Execution Plan v2.0 - full path to the ratified architecture (component map + Phases 3-5: Contract v2, Knowledge Graph, both dashboards, Pattern Evolution); v1.0 md+docx archived; NP-S1 and H-07 sealed definition carried forward verbatim

RESULT: OK
**********************
Windows PowerShell transcript end
End time: 20260730093317
**********************
