**********************
Windows PowerShell transcript start
Start time: 20260730112823
Username: GIRISH-KUMAR\giris
RunAs User: GIRISH-KUMAR\giris
Configuration Name: 
Machine: GIRISH-KUMAR (Microsoft Windows NT 10.0.19045.0)
Host Application: C:\WINDOWS\System32\WindowsPowerShell\v1.0\powershell.exe -ExecutionPolicy Bypass -File F:\NeelPrajnaPro\ops\T-036_seal_go.ps1
Process ID: 13976
PSVersion: 5.1.19041.6456
PSEdition: Desktop
PSCompatibleVersions: 1.0, 2.0, 3.0, 4.0, 5.0, 5.1.19041.6456
BuildVersion: 10.0.19041.6456
CLRVersion: 4.0.30319.42000
WSManStackVersion: 3.0
PSRemotingProtocolVersion: 2.3
SerializationVersion: 1.1.0.1
**********************
Transcript started, output file is F:\NeelPrajnaPro\ops\runlogs\T-036_seal_go.log
=== T-036 SEAL GO - Sprint NP-S1 === 2026-07-30T11:28:23.7547843+05:30
--- [1] outstanding before the seal ---
 M docs/execution_plan/NeelPrajnaPro_Execution_Plan-v2.0.md
 M docs/journal/NeelPrajnaPro_Journal.md
?? ops/DEVELOPER_BOOT_NP-S1.md
?? ops/T-036_seal_go.ps1
?? ops/runlogs/T-036_seal_go.log
 .../execution_plan/NeelPrajnaPro_Execution_Plan-v2.0.md | 14 +++++++++++---
 docs/journal/NeelPrajnaPro_Journal.md                   | 17 +++++++++++++++++
 2 files changed, 28 insertions(+), 3 deletions(-)
--- [2] verify the GO is recorded in all three places ---
OK: execution plan S0 marks the sprint in flight
OK: execution plan S4 carries the GO record
OK: journal carries J-033
OK: developer boot prompt present
--- [3] verify the blocking first obligation appears in all three ---
span-confirmation obligation present in 3 of 3 documents (must be 3)
--- [4] commit + push ---
git : warning: in the working copy of 'ops/T-036_seal_go.ps1', LF will be replaced by CRLF the next time Git touches it
At F:\NeelPrajnaPro\ops\T-036_seal_go.ps1:44 char:1
+ git add docs ops 2>&1 | Out-String | Write-Host
+ ~~~~~~~~~~~~~~~~~~~~~
    + CategoryInfo          : NotSpecified: (warning: in the... Git touches it:String) [], RemoteException
    + FullyQualifiedErrorId : NativeCommandError
staged files:
docs/execution_plan/NeelPrajnaPro_Execution_Plan-v2.0.md
docs/journal/NeelPrajnaPro_Journal.md
ops/DEVELOPER_BOOT_NP-S1.md
ops/T-036_seal_go.ps1
ops/runlogs/T-036_seal_go.log
[main b227a93] T-036: OWNER GO - Sprint NP-S1 sealed and in flight. ARCH-NP-001 sealed with the H-07 mechanical definition; instruction text frozen from this commit. All six preconditions met and recorded. Developer boot prompt created at ops/DEVELOPER_BOOT_NP-S1.md. Blocking first obligation: resolve the H-07 export span and present it to the Owner before anything registers, runs or burns
 5 files changed, 158 insertions(+), 3 deletions(-)
 create mode 100644 ops/DEVELOPER_BOOT_NP-S1.md
 create mode 100644 ops/T-036_seal_go.ps1
 create mode 100644 ops/runlogs/T-036_seal_go.log
git : To https://github.com/girishdomain-gum/NeelPrajnaPro.git
At F:\NeelPrajnaPro\ops\T-036_seal_go.ps1:50 char:5
+     git push 2>&1 | Out-String | Write-Host
+     ~~~~~~~~~~~~~
    + CategoryInfo          : NotSpecified: (To https://gith...elPrajnaPro.git:String) [], RemoteException
    + FullyQualifiedErrorId : NativeCommandError
 
   cb5858d..b227a93  main -> main
b227a93 T-036: OWNER GO - Sprint NP-S1 sealed and in flight. ARCH-NP-001 sealed with the H-07 mechanical definition; instruction text frozen from this commit. All six preconditions met and recorded. Developer boot prompt created at ops/DEVELOPER_BOOT_NP-S1.md. Blocking first obligation: resolve the H-07 export span and present it to the Owner before anything registers, runs or burns
cb5858d T-035: attach run log
07e7f42 T-035: finding F-24 - Architecture/Vision/Execution Plan were out of sync (box-to-sprint pointers stale from Plan v1.0). Owner ruled: align everything to the architecture box column. Architecture gains canonical 12-row table SA.1 (spine); Vision and Execution Plan use its exact rows; surfaces (Console NP-S7, Book A dashboard NP-S8) enumerated for the first time. Constitution S7.2 clarification - no requirement changed
--- [5] confirm clean tree ---
 M ops/runlogs/T-036_seal_go.log

RESULT: OK - NP-S1 SEALED. Documentation phase closed; evidence phase begins.
**********************
Windows PowerShell transcript end
End time: 20260730112827
**********************
