**********************
Windows PowerShell transcript start
Start time: 20260730093750
Username: GIRISH-KUMAR\giris
RunAs User: GIRISH-KUMAR\giris
Configuration Name: 
Machine: GIRISH-KUMAR (Microsoft Windows NT 10.0.19045.0)
Host Application: C:\WINDOWS\System32\WindowsPowerShell\v1.0\powershell.exe -ExecutionPolicy Bypass -File F:\NeelPrajnaPro\ops\T-032_sweep_ruling_edits.ps1
Process ID: 8968
PSVersion: 5.1.19041.6456
PSEdition: Desktop
PSCompatibleVersions: 1.0, 2.0, 3.0, 4.0, 5.0, 5.1.19041.6456
BuildVersion: 10.0.19041.6456
CLRVersion: 4.0.30319.42000
WSManStackVersion: 3.0
PSRemotingProtocolVersion: 2.3
SerializationVersion: 1.1.0.1
**********************
Transcript started, output file is F:\NeelPrajnaPro\ops\runlogs\T-032_sweep_ruling_edits.log
=== T-032 sweep Owner-ruling edits === 2026-07-30T09:37:50.9386098+05:30
--- [1] what is outstanding before the sweep ---
 M docs/execution_plan/NeelPrajnaPro_Execution_Plan-v2.0.md
 M docs/journal/NeelPrajnaPro_Journal.md
?? ops/T-032_sweep_ruling_edits.ps1
?? ops/runlogs/T-032_sweep_ruling_edits.log
diff stat:
 docs/execution_plan/NeelPrajnaPro_Execution_Plan-v2.0.md | 4 ++--
 docs/journal/NeelPrajnaPro_Journal.md                    | 7 +++++++
 2 files changed, 9 insertions(+), 2 deletions(-)
--- [2] verify the ruling text is actually on disk ---
OK: execution plan carries 0.05 (unicode alpha)
OK: journal carries J-029
--- [3] commit + push ---
git : warning: in the working copy of 'ops/T-032_sweep_ruling_edits.ps1', LF will be replaced by CRLF the next time Git touches it
At F:\NeelPrajnaPro\ops\T-032_sweep_ruling_edits.ps1:39 char:1
+ git add docs ops 2>&1 | Out-String | Write-Host
+ ~~~~~~~~~~~~~~~~~~~~~
    + CategoryInfo          : NotSpecified: (warning: in the... Git touches it:String) [], RemoteException
    + FullyQualifiedErrorId : NativeCommandError
staged files:
docs/execution_plan/NeelPrajnaPro_Execution_Plan-v2.0.md
docs/journal/NeelPrajnaPro_Journal.md
ops/T-032_sweep_ruling_edits.ps1
ops/runlogs/T-032_sweep_ruling_edits.log
[main b1a53b0] T-032: record Owner ruling - neelprajna family alpha-budget = 0.05 (per-claim bar at 18 trials: p < 0.0028); window-designation method (b) selected, designation line still open; journal J-029
 4 files changed, 69 insertions(+), 2 deletions(-)
 create mode 100644 ops/T-032_sweep_ruling_edits.ps1
 create mode 100644 ops/runlogs/T-032_sweep_ruling_edits.log
git : To https://github.com/girishdomain-gum/NeelPrajnaPro.git
At F:\NeelPrajnaPro\ops\T-032_sweep_ruling_edits.ps1:45 char:5
+     git push 2>&1 | Out-String | Write-Host
+     ~~~~~~~~~~~~~
    + CategoryInfo          : NotSpecified: (To https://gith...elPrajnaPro.git:String) [], RemoteException
    + FullyQualifiedErrorId : NativeCommandError
 
   0352ae8..b1a53b0  main -> main
b1a53b0 T-032: record Owner ruling - neelprajna family alpha-budget = 0.05 (per-claim bar at 18 trials: p < 0.0028); window-designation method (b) selected, designation line still open; journal J-029
0352ae8 T-031: attach run log
37238e0 T-031: Execution Plan v2.0 docx twin placed (5 diagrams: five-phase ladder, component map, TARGET-to-BUILT ladder, Owner's three typed lines, H-07 event chain)
--- [4] confirm clean tree ---
 M ops/runlogs/T-032_sweep_ruling_edits.log

RESULT: OK
**********************
Windows PowerShell transcript end
End time: 20260730093754
**********************
