**********************
Windows PowerShell transcript start
Start time: 20260730180439
Username: GIRISH-KUMAR\giris
RunAs User: GIRISH-KUMAR\giris
Configuration Name: 
Machine: GIRISH-KUMAR (Microsoft Windows NT 10.0.19045.0)
Host Application: C:\WINDOWS\System32\WindowsPowerShell\v1.0\powershell.exe -ExecutionPolicy Bypass -File F:\NeelPrajnaPro\ops\T-040_accept_appendix_A_gate7_gate8.ps1
Process ID: 5032
PSVersion: 5.1.19041.6456
PSEdition: Desktop
PSCompatibleVersions: 1.0, 2.0, 3.0, 4.0, 5.0, 5.1.19041.6456
BuildVersion: 10.0.19041.6456
CLRVersion: 4.0.30319.42000
WSManStackVersion: 3.0
PSRemotingProtocolVersion: 2.3
SerializationVersion: 1.1.0.1
**********************
Transcript started, output file is F:\NeelPrajnaPro\ops\runlogs\T-040_accept_appendix_A_gate7_gate8.log
=== T-040 ACCEPT APPENDIX A (Gate 7 / Gate 8) === 2026-07-30T18:04:40.0158939+05:30
--- [1] outstanding before commit ---
 M docs/journal/NeelPrajnaPro_Journal.md
?? ops/NP-ADR-008_APPENDIX-A_provenance_correction.md
?? ops/T-040_accept_appendix_A_gate7_gate8.ps1
?? ops/runlogs/T-040_accept_appendix_A_gate7_gate8.log
--- [2] acceptance and journal entry are present ---
OK: appendix A exists
OK: acceptance header
OK: the verbatim T3 header quote is on record
OK: journal J-035
--- [3] the 17 roster answer is on record ---
OK: roster answer present (H-01..H-06, H-08..H-18)
--- [4] FROZEN GUARD: NP-ADR-008 body and Execution Plan SS4/SS5 unchanged ---
OK: SS4 seal line and SS5 heading intact
OK: ratified ADR body untouched (correction is appended, per P5)
--- [5] stage docs + ops, commit, push ---
git : warning: in the working copy of 'ops/T-040_accept_appendix_A_gate7_gate8.ps1', LF will be replaced by CRLF the next time Git touches it
At F:\NeelPrajnaPro\ops\T-040_accept_appendix_A_gate7_gate8.ps1:50 char:1
+ git add docs ops 2>&1 | Out-String | Write-Host
+ ~~~~~~~~~~~~~~~~~~~~~
    + CategoryInfo          : NotSpecified: (warning: in the... Git touches it:String) [], RemoteException
    + FullyQualifiedErrorId : NativeCommandError
staged files:
docs/journal/NeelPrajnaPro_Journal.md
ops/NP-ADR-008_APPENDIX-A_provenance_correction.md
ops/T-040_accept_appendix_A_gate7_gate8.ps1
ops/runlogs/T-040_accept_appendix_A_gate7_gate8.log
[main e96a12e] T-040: OWNER OK (SS7.2 clarification) - NP-ADR-008 Appendix A accepted. T3_SweepFVGGate.mqh header says 'was Gate 8': SS5 v1.0 is a hybrid - Gate 7's absorbed pool engine plus Gate 8's mandatory MSS/FVG chain - so the seven divergences are largely cross-hypothesis, not cross-version. kb.json shows H-07 = equal-high/low sweep + reclose (no MSS) with v1.1's exact parameters, so the Python implements H-07 as defined; H-07's MQL5 original is deleted and unrecoverable. Nothing ratified changed; no re-registration. DEVQ-NP-003 resolved (the 17 = H-01..H-06, H-08..H-18; counting is not selecting), DEVQ-NP-004 resolved. Journal J-035
 4 files changed, 145 insertions(+)
 create mode 100644 ops/NP-ADR-008_APPENDIX-A_provenance_correction.md
 create mode 100644 ops/T-040_accept_appendix_A_gate7_gate8.ps1
 create mode 100644 ops/runlogs/T-040_accept_appendix_A_gate7_gate8.log
git : To https://github.com/girishdomain-gum/NeelPrajnaPro.git
At F:\NeelPrajnaPro\ops\T-040_accept_appendix_A_gate7_gate8.ps1:56 char:5
+     git push 2>&1 | Out-String | Write-Host
+     ~~~~~~~~~~~~~
    + CategoryInfo          : NotSpecified: (To https://gith...elPrajnaPro.git:String) [], RemoteException
    + FullyQualifiedErrorId : NativeCommandError
 
   c7854ed..e96a12e  main -> main
e96a12e T-040: OWNER OK (SS7.2 clarification) - NP-ADR-008 Appendix A accepted. T3_SweepFVGGate.mqh header says 'was Gate 8': SS5 v1.0 is a hybrid - Gate 7's absorbed pool engine plus Gate 8's mandatory MSS/FVG chain - so the seven divergences are largely cross-hypothesis, not cross-version. kb.json shows H-07 = equal-high/low sweep + reclose (no MSS) with v1.1's exact parameters, so the Python implements H-07 as defined; H-07's MQL5 original is deleted and unrecoverable. Nothing ratified changed; no re-registration. DEVQ-NP-003 resolved (the 17 = H-01..H-06, H-08..H-18; counting is not selecting), DEVQ-NP-004 resolved. Journal J-035
c7854ed T-039: attach run log
43fc355 T-039: OWNER RATIFICATION - NP-ADR-008 seals H-07 SS5 v1.1; SS5 v1.0 remains frozen. Journal J-034, decision NP-D-010, SS0 handover rewritten, cost model xauusd_retail_h07 at 0.41 USD/oz written to venues.yaml. Binding constants: lineage h007_np_liquidity_sweep_v1_1, family xauusd/neelprajna across all 19 registrations, scope xauusd_m5_vantage, 19 trials p<0.00263. Chief Scientist review filed and accepted; M1-M7 corrections applied and independently re-verified. NP-S1 REGISTRATION UNBLOCKED - nothing has yet registered, run or burned
--- [6] tree state after commit ---
 M ops/runlogs/T-040_accept_appendix_A_gate7_gate8.log

RESULT: OK - Appendix A accepted and on the record. The Developer may register the 17 and proceed.
**********************
Windows PowerShell transcript end
End time: 20260730180443
**********************
