**********************
Windows PowerShell transcript start
Start time: 20260730205929
Username: GIRISH-KUMAR\giris
RunAs User: GIRISH-KUMAR\giris
Configuration Name: 
Machine: GIRISH-KUMAR (Microsoft Windows NT 10.0.19045.0)
Host Application: C:\WINDOWS\System32\WindowsPowerShell\v1.0\powershell.exe -ExecutionPolicy Bypass -File F:\NeelPrajnaPro\ops\T-046_close_np_s1.ps1
Process ID: 16840
PSVersion: 5.1.19041.6456
PSEdition: Desktop
PSCompatibleVersions: 1.0, 2.0, 3.0, 4.0, 5.0, 5.1.19041.6456
BuildVersion: 10.0.19041.6456
CLRVersion: 4.0.30319.42000
WSManStackVersion: 3.0
PSRemotingProtocolVersion: 2.3
SerializationVersion: 1.1.0.1
**********************
Transcript started, output file is F:\NeelPrajnaPro\ops\runlogs\T-046_close_np_s1.log
=== T-046 CLOSE SPRINT NP-S1 === 2026-07-30T20:59:29.3395161+05:30
--- [1] outstanding before commit ---
 M docs/decisions/NeelPrajnaPro_Decisions-v1.0.md
 M docs/execution_plan/NeelPrajnaPro_Execution_Plan-v2.0.md
 M docs/journal/NeelPrajnaPro_Journal.md
?? ops/T-046_close_np_s1.ps1
?? ops/runlogs/T-046_close_np_s1.log
--- [2] the close is recorded in all four places ---
OK: journal J-037
OK: SS0 handover rewritten
MISSING: SS12 entry
OK: SS6 carries WO-P (parity before collection)
OK: NP-D-011
OK: NP-D-012
--- [3] the qualification survives into the handover ---
OK: REV qualification carried into SS0
OK: in-sample limit stated
--- [4] the findings were not softened (Owner-ruled permanent) ---
OK: finding retained - Against the Architect
OK: finding retained - nine steps
OK: finding retained - could not yet fetch
--- [5] FROZEN GUARD: SS4 and SS5 must be untouched ---
OK: SS4 seal line and SS5 heading intact
execution plan diff (inspect: only SS0, SS6 and SS12 lines should appear):

--- a/docs/execution_plan/NeelPrajnaPro_Execution_Plan-v2.0.md
+++ b/docs/execution_plan/NeelPrajnaPro_Execution_Plan-v2.0.md
-**As of 2026-07-30 ΓÇö SPRINT NP-S1 IS SEALED, IN FLIGHT, AND REGISTRATION IS NOW UNBLOCKED.** Owner GO given 2026-07-30. **NP-ADR-008 ratified 2026-07-30 (J-034): H-07 detector definition ┬º5 v1.1 sealed; ┬º5 v1.0 remains frozen and unedited.** The blocking first 
obligation is discharged: the H-07 export was identified, its span resolved and **Owner-confirmed** (UTC half-open `[2026-04-20T22:00:00Z, 2026-07-10T14:33:00Z)`, TRAINING, burned), and the ┬º5 parameter trigger that fired was resolved through the ADR process rather 
than silently adjusted.
+**As of 2026-07-30 ΓÇö SPRINT NP-S1 IS CLOSED AND ACCEPTED. Owner GO given 2026-07-30 (J-037). NP-S2 IS THE OPEN SPRINT.**
-**Binding constants for every NP-S1 registration** (from NP-ADR-008; a registration that misses any of these is wrong by construction): lineage `h007_np_liquidity_sweep_v1_1` ┬╖ detector `neelprajna.liquidity_sweep@1.1.0` ┬╖ **family `xauusd/neelprajna`, identical 
across all 19 registrations** (sibling family strings do not match in `deflation.py`, so a per-detector family would silently void the ╬▒-budget) ┬╖ scope `xauusd_m5_vantage` ┬╖ cost model **`xauusd_retail_h07` at $0.41/oz** (now in `configs/venues.yaml`; name 
immutability applies) ┬╖ **19 family trials ΓåÆ per-claim bar p < 0.00263** (supersedes J-029's 18) ┬╖ claim form E2 restated as the POOLΓåÆSWEEP arrangement claim, null design N2.
+**The number that changed.** Integrated verdicts: **0 ΓåÆ 1**. Verdict `01KYSGQR3D8SYSVJFSF9M77CMY` ΓÇö **FAIL** ┬╖ 259 trades ┬╖ mean net +1.52/oz ┬╖ p 0.0574 ┬╖ bar p < 0.00263 (19 family trials) ┬╖ burn `01KYSGQR6K1HHRT66R78BV6Z8Y`, atomic ┬╖ window 
`[2026-04-20T22:00:00Z, 2026-07-10T14:33:00Z)` TRAINING, **spent**. All six acceptance criteria met; IVF GREEN behind a 6/6 drill; HC passed; Chief Scientist REV **APPROVED 8.8/10**.
-**Three statements that must survive into every derived artifact** (Chief Scientist, adopted verbatim, ADR ┬º2.1): E2-v1.1 is not equivalent to the v1.0 hypothesis ┬╖ it is a new hypothesis bound to the v1.1 lineage ┬╖ judging the original T3/MSS detector requires a 
separate implementation and fresh out-of-sample evidence. **No verdict under v1.1 speaks for the historical T3 gate.**
+**THE QUALIFICATION THAT TRAVELS WITH THIS RESULT FOREVER** (Owner-ruled, REV-mandated; quote it, never paraphrase): *Under two independently implemented execution frameworks using different exit mechanics, neither framework produced statistically significant evidence 
supporting the hypothesis over the designated window.* **NP-S1 did not establish equivalence between the bespoke and Battery execution strategies.** And per NP-ADR-008 ┬º2.1: **no verdict under v1.1 speaks for the historical T3/MSS gate** ΓÇö which Appendix A 
established is H-08's, not H-07's.
-**Corrections carried into the sprint (documentation vs implementation, all verified against code):** the Battery has **eight** pipeline steps, not nine (`battery.py`, ARCH-006 ┬º3) ┬╖ the bespoke report has **six** reported criteria, not seven (B2 is procedural) and 
its verdict is a **five-gate FAIL**, not "FAIL on cost sensitivity" ┬╖ the Battery **re-simulates from bars and events over fold TEST ranges only**, so it does not judge the 324 trades ΓÇö same window, same definition, same trade rule, **different judged trade set by 
construction**, and the judged n will be materially smaller ┬╖ no M5 scope or ingestion path existed, and Architecture ┬º3.2's stated adapter path does not apply to this population (ticks ΓåÆ M5 mid bars ΓåÆ BulkStore instead). ┬º4's frozen instruction text is **not 
edited**; these corrections live in NP-ADR-008 and in the sealed AC-4 interpretation table.
+**Scope limits any reader must carry:** the window was TRAINING, so the verdict is **corroborative, never confirmatory** ┬╖ the E2 existence claim is registered and counted but **unjudged**, awaiting N2 null machinery ┬╖ the IVF match demonstrates **text-code 
fidelity, not independent code correctness** (Appendix B.8) ΓÇö genuine independence needs a population from a different implementation, which is NP-S2's path.
-**Open findings carried into the sprint:** F-23 (Book A mockup vs Auto-Adopt ruling ΓÇö bites only at NP-S8) ┬╖ F-24 consequence (Architecture docx twin stale) ┬╖ queued non-frozen documentation fixes (Architecture ┬º2 and V&V ┬º3.4 "nine steps"; Architecture ┬º3.2 
adapter path) ┬╖ attribution corrections pending on four ops/DEVQ artifacts.
+**NP-S2 opens with a ruled precondition (Owner, 2026-07-30, D2):** **execution-model parity is implemented BEFORE any further R6 evidence collection.** The audited engine must express variable stop distance, variable targets and richer exit rules; until it does, every 
population it judges inherits NP-S1's primary limitation and every future comparison carries the same qualification. This reorders ┬º6 and is recorded there.
-**Next Owner action:** none until the sprint's Go/No-Go at close. The Developer resumes at ┬º4 deliverable 1 against v1.1.
+**Standing rule adopted (Owner, 2026-07-30, D3 ΓÇö NP-D-012):** *any normative specification defining a computation must be sufficient for an independent implementation to reproduce that computation's outputs without consulting the implementation.* Proposed 
independently by the Architect (Appendix B.9) and the Chief Scientist after three instances surfaced in one sprint.
+
+**Findings are permanent (Owner-ruled):** NP-S1's findings *"remain part of the permanent record and shall not be softened or removed."*
+
+**Open items carried forward:** F-23 (Book A mockup vs Auto-Adopt ruling ΓÇö bites at NP-S8) ┬╖ F-24 consequence (Architecture docx twin stale) ┬╖ non-frozen documentation fixes queued (Architecture ┬º2 and V&V ┬º3.4 "nine steps"; Architecture ┬º3.2 adapter path) ┬╖ 
attribution corrections on four ops/DEVQ artifacts ┬╖ unratified design backlog (ARO ADR, organization/roles ADR, repository autonomy layer, detector-fingerprint ADR) ΓÇö none blocking.
+
+**Next Owner action:** none until NP-S2's own gates. The Architect opens NP-S2 with the execution-parity work order.
-**Deliverables:** 3ΓÇô6 months real-tick collection, Owner-typed withheld-OOS designation **before** collection completes ┬╖ R6 files run as bridge `experiment` jobs, watchdog-guarded, `preserve`-archived ┬╖ **NPSU CSV ΓåÆ RecordStore/BulkStore migration**: exports 
land as hash-chained records with manifests, backward compatibility maintained ┬╖ execution feedback (fills, outcomes) formalized as Performance Store observations ┬╖ automated `tests/windows.json` Γåö WindowLedger consistency check.
+**WO-P ┬╖ EXECUTION-MODEL PARITY ΓÇö RULED BY THE OWNER 2026-07-30 (D2) AS A HARD PRECONDITION.** *Before any further R6 evidence is collected*, the audited execution engine shall be extended to express **variable stop distance, variable targets, and richer exit 
rules**. Rationale, from NP-S1's REV: the engine could not express the evidenced per-trade stop/target, so H-007 was registered with `stop_offset: null, target_offset: null, exit_rule: time_stop` and the Battery judged *sweep-then-hold-12-bars* rather than the 
evidenced strategy (NOTE-NP-001). Every population judged before parity exists inherits that limitation, and **every comparison built on it carries NP-S1's qualification permanently.** Collecting months of R6 data first would multiply the defect across everything that 
data later judges. **Exit:** a registration expressing a per-trade variable stop and target round-trips through the engine and reproduces a hand-computed fixture exactly; the `h001` `stop_offset: null` precedent is no longer the only available shape.
+
+**Deliverables (WO-P first, then):** 3ΓÇô6 months real-tick collection, Owner-typed withheld-OOS designation **before** collection completes ┬╖ R6 files run as bridge `experiment` jobs, watchdog-guarded, `preserve`-archived ┬╖ **NPSU CSV ΓåÆ RecordStore/BulkStore 
migration**: exports land as hash-chained records with manifests, backward compatibility maintained ┬╖ execution feedback (fills, outcomes) formalized as Performance Store observations ┬╖ automated `tests/windows.json` Γåö WindowLedger consistency check.
-**Exit:** dataset designated, hashed, untouched beyond designation ┬╖ data-quality report (gaps/seams/DST computed from data) on record ┬╖ every NP export reproducible from a manifest ┬╖ no judging performed this sprint.
+**Exit:** WO-P complete ┬╖ dataset designated, hashed, untouched beyond designation ┬╖ data-quality report (gaps/seams/DST computed from data) on record ┬╖ every NP export reproducible from a manifest ┬╖ no judging performed this sprint.
+
+**Carried from NP-S1 as the sprint's scientific opportunity:** NP-S1's IVF match demonstrated text-code fidelity, not independent code correctness (Appendix B.8). **Genuine independence requires a population produced by a different implementation** ΓÇö NP-S2's fresh 
data is the first chance to provide one.
-*(none yet ΓÇö the first entry here will be NP-S1's: verdict id, comparison-report summary, findings, retro, GO record)*
+
--- [6] APPEND-ONLY GUARDS ---
OK: IVF original RED preserved
OK: comparison report SS6 conclusion intact
OK: untouched - ops/NP-ADR-H07_definition_v1.1_draft_v2.0.md
OK: untouched - ops/NP-ADR-008_APPENDIX-A_provenance_correction.md
OK: untouched - ops/NP-ADR-008_APPENDIX-B_pinned_detector_mechanics.md
--- [7] stage docs + ops, commit, push ---
git : warning: in the working copy of 'ops/T-046_close_np_s1.ps1', LF will be replaced by CRLF the next time Git touches it
At F:\NeelPrajnaPro\ops\T-046_close_np_s1.ps1:74 char:1
+ git add docs ops 2>&1 | Out-String | Write-Host
+ ~~~~~~~~~~~~~~~~~~~~~
    + CategoryInfo          : NotSpecified: (warning: in the... Git touches it:String) [], RemoteException
    + FullyQualifiedErrorId : NativeCommandError
staged files:
docs/decisions/NeelPrajnaPro_Decisions-v1.0.md
docs/execution_plan/NeelPrajnaPro_Execution_Plan-v2.0.md
docs/journal/NeelPrajnaPro_Journal.md
ops/T-046_close_np_s1.ps1
ops/runlogs/T-046_close_np_s1.log
[main 39059c7] T-046: SPRINT NP-S1 CLOSED AND ACCEPTED - the programme's first integrated verdict. Owner GO 2026-07-30 after Chief Scientist REV APPROVED 8.8/10. Integrated verdicts 0 -> 1: verdict 01KYSGQR3D8SYSVJFSF9M77CMY FAIL, 259 trades, p=0.0574 against a bar of p<0.00263, burn atomic, window spent. Robust to the sprint's own most contested arithmetic - p exceeds even the undeflated 0.05. Binding qualification carried into SS0 and the comparison report SS7: NP-S1 established NO equivalence between the bespoke and Battery execution strategies, only that each failed under its own execution model. NP-D-011 execution-model parity before further R6 collection (WO-P in SS6); NP-D-012 specification completeness standing rule. Journal J-037 with the retro; SS12 sprint outputs appended, previously empty by design. Findings permanent by Owner ruling and not softened. SS4 and SS5 remain frozen and unedited - every correction this sprint travelled as an appended record
 5 files changed, 162 insertions(+), 9 deletions(-)
 create mode 100644 ops/T-046_close_np_s1.ps1
 create mode 100644 ops/runlogs/T-046_close_np_s1.log
git : To https://github.com/girishdomain-gum/NeelPrajnaPro.git
At F:\NeelPrajnaPro\ops\T-046_close_np_s1.ps1:80 char:5
+     git push 2>&1 | Out-String | Write-Host
+     ~~~~~~~~~~~~~
    + CategoryInfo          : NotSpecified: (To https://gith...elPrajnaPro.git:String) [], RemoteException
    + FullyQualifiedErrorId : NativeCommandError
 
   e5078ae..39059c7  main -> main
39059c7 T-046: SPRINT NP-S1 CLOSED AND ACCEPTED - the programme's first integrated verdict. Owner GO 2026-07-30 after Chief Scientist REV APPROVED 8.8/10. Integrated verdicts 0 -> 1: verdict 01KYSGQR3D8SYSVJFSF9M77CMY FAIL, 259 trades, p=0.0574 against a bar of p<0.00263, burn atomic, window spent. Robust to the sprint's own most contested arithmetic - p exceeds even the undeflated 0.05. Binding qualification carried into SS0 and the comparison report SS7: NP-S1 established NO equivalence between the bespoke and Battery execution strategies, only that each failed under its own execution model. NP-D-011 execution-model parity before further R6 collection (WO-P in SS6); NP-D-012 specification completeness standing rule. Journal J-037 with the retro; SS12 sprint outputs appended, previously empty by design. Findings permanent by Owner ruling and not softened. SS4 and SS5 remain frozen and unedited - every correction this sprint travelled as an appended record
e5078ae T-045: attach run log
cd85541 T-045: Chief Scientist REV APPROVED (8.8/10, GO with qualification). Binding narrowing appended to the comparison report as SS7: the comparison is same detector definition + DIFFERENT execution rules, and NP-S1 established no equivalence between the bespoke and Battery execution strategies - only that each, under its own execution model, failed to find statistically significant support over the designated window. Canonical claim to be quoted not paraphrased. CS added a structural finding converging independently with Appendix B.9: specifications must permit independent reimplementation without consulting source code. CS recommends NP-S2 build execution-model parity (variable stops/targets) BEFORE collecting more evidence. Owner Go/No-Go packet issued with three decisions: GO, execution-parity-first, and adoption of the specification-completeness rule
--- [8] tree state after commit ---
 M ops/runlogs/T-046_close_np_s1.log

RESULT: FAILED - see sections above
**********************
Windows PowerShell transcript end
End time: 20260730205933
**********************
