**********************
Windows PowerShell transcript start
Start time: 20260730205305
Username: GIRISH-KUMAR\giris
RunAs User: GIRISH-KUMAR\giris
Configuration Name: 
Machine: GIRISH-KUMAR (Microsoft Windows NT 10.0.19045.0)
Host Application: C:\WINDOWS\System32\WindowsPowerShell\v1.0\powershell.exe -ExecutionPolicy Bypass -File F:\NeelPrajnaPro\ops\T-045_rev_approved_issue_go_no_go.ps1
Process ID: 10040
PSVersion: 5.1.19041.6456
PSEdition: Desktop
PSCompatibleVersions: 1.0, 2.0, 3.0, 4.0, 5.0, 5.1.19041.6456
BuildVersion: 10.0.19041.6456
CLRVersion: 4.0.30319.42000
WSManStackVersion: 3.0
PSRemotingProtocolVersion: 2.3
SerializationVersion: 1.1.0.1
**********************
Transcript started, output file is F:\NeelPrajnaPro\ops\runlogs\T-045_rev_approved_issue_go_no_go.log
=== T-045 REV APPROVED + GO/NO-GO PACKET === 2026-07-30T20:53:05.2720021+05:30
--- [1] outstanding before commit ---
 M docs/coordination/notes/NOTE-NP-002_h007_prediction_comparison_report.md
?? ops/GO_NO_GO_PACKET_NP-S1.md
?? ops/T-045_rev_approved_issue_go_no_go.ps1
?? ops/runlogs/T-045_rev_approved_issue_go_no_go.log
--- [2] the REV's mandated narrowing is in the comparison report ---
OK: REV-MANDATED SCOPE NARROWING
OK: neither framework produced statistically significant evidence
OK: differed materially in execution model
OK: independent reimplementation without consulting source code
--- [3] APPEND-ONLY: the report's own conclusion must survive unedited ---
OK: SS6 conclusion intact (SS7 is an append)
--- [4] Go/No-Go packet present and honest ---
OK: packet present
OK: 8.8
OK: corroborative, never confirmatory
OK: Against the Architect
OK: was Gate 8
OK: undeflated
--- [5] FROZEN / APPEND-ONLY GUARDS ---
OK: SS4 seal line and SS5 heading intact
OK: IVF original RED preserved
OK: untouched - ops/NP-ADR-H07_definition_v1.1_draft_v2.0.md
OK: untouched - ops/NP-ADR-008_APPENDIX-A_provenance_correction.md
OK: untouched - ops/NP-ADR-008_APPENDIX-B_pinned_detector_mechanics.md
--- [6] stage docs + ops, commit, push ---
git : warning: in the working copy of 'ops/T-045_rev_approved_issue_go_no_go.ps1', LF will be replaced by CRLF the next time Git touches it
At F:\NeelPrajnaPro\ops\T-045_rev_approved_issue_go_no_go.ps1:64 char:1
+ git add docs ops 2>&1 | Out-String | Write-Host
+ ~~~~~~~~~~~~~~~~~~~~~
    + CategoryInfo          : NotSpecified: (warning: in the... Git touches it:String) [], RemoteException
    + FullyQualifiedErrorId : NativeCommandError
staged files:
docs/coordination/notes/NOTE-NP-002_h007_prediction_comparison_report.md
ops/GO_NO_GO_PACKET_NP-S1.md
ops/T-045_rev_approved_issue_go_no_go.ps1
ops/runlogs/T-045_rev_approved_issue_go_no_go.log
[main cd85541] T-045: Chief Scientist REV APPROVED (8.8/10, GO with qualification). Binding narrowing appended to the comparison report as SS7: the comparison is same detector definition + DIFFERENT execution rules, and NP-S1 established no equivalence between the bespoke and Battery execution strategies - only that each, under its own execution model, failed to find statistically significant support over the designated window. Canonical claim to be quoted not paraphrased. CS added a structural finding converging independently with Appendix B.9: specifications must permit independent reimplementation without consulting source code. CS recommends NP-S2 build execution-model parity (variable stops/targets) BEFORE collecting more evidence. Owner Go/No-Go packet issued with three decisions: GO, execution-parity-first, and adoption of the specification-completeness rule
 4 files changed, 165 insertions(+)
 create mode 100644 ops/GO_NO_GO_PACKET_NP-S1.md
 create mode 100644 ops/T-045_rev_approved_issue_go_no_go.ps1
 create mode 100644 ops/runlogs/T-045_rev_approved_issue_go_no_go.log
git : To https://github.com/girishdomain-gum/NeelPrajnaPro.git
At F:\NeelPrajnaPro\ops\T-045_rev_approved_issue_go_no_go.ps1:70 char:5
+     git push 2>&1 | Out-String | Write-Host
+     ~~~~~~~~~~~~~
    + CategoryInfo          : NotSpecified: (To https://gith...elPrajnaPro.git:String) [], RemoteException
    + FullyQualifiedErrorId : NativeCommandError
 
   9b4f4d1..cd85541  main -> main
cd85541 T-045: Chief Scientist REV APPROVED (8.8/10, GO with qualification). Binding narrowing appended to the comparison report as SS7: the comparison is same detector definition + DIFFERENT execution rules, and NP-S1 established no equivalence between the bespoke and Battery execution strategies - only that each, under its own execution model, failed to find statistically significant support over the designated window. Canonical claim to be quoted not paraphrased. CS added a structural finding converging independently with Appendix B.9: specifications must permit independent reimplementation without consulting source code. CS recommends NP-S2 build execution-model parity (variable stops/targets) BEFORE collecting more evidence. Owner Go/No-Go packet issued with three decisions: GO, execution-parity-first, and adoption of the specification-completeness rule
9b4f4d1 T-044: attach run log
27847c4 T-044: Owner HC PASSED - 'HC passed. Proceed to REV.' Journal J-036 records AC-6 closing GREEN after a correct RED: the recount gap was a real P6 defect (two faithful readers of the sealed text produced different event sets), localized to pool formation (pivots agreed exactly at 3,099), pinned by Appendix B, and re-derived exact at 3,099/465/325 with no tuning. Root causes B.3 (suppression compared the pivot's raw price, not the candidate pool's computed level) and B.4 (unflagged per-bar ordering) - NOT B.5, which the Architect had named and which was correct. Lesson recorded: disclosing assumptions is insufficient unless disclosed at the granularity where two implementers could differ. Limitation permanent: text-code fidelity, not independent code correctness. REV brief issued with five adversarial questions, the first being that the audited engine could not express the evidenced stop/target, so the Battery judged sweep-then-hold-12-bars and the comparison runs between two instruments on different strategies
--- [7] tree state after commit ---
 M ops/runlogs/T-045_rev_approved_issue_go_no_go.log

RESULT: OK - REV recorded, narrowing applied, Go/No-Go packet on the record. The Owner's move.
**********************
Windows PowerShell transcript end
End time: 20260730205308
**********************
