**********************
Windows PowerShell transcript start
Start time: 20260731071725
Username: GIRISH-KUMAR\giris
RunAs User: GIRISH-KUMAR\giris
Configuration Name: 
Machine: GIRISH-KUMAR (Microsoft Windows NT 10.0.19045.0)
Host Application: C:\WINDOWS\System32\WindowsPowerShell\v1.0\powershell.exe -ExecutionPolicy Bypass -File F:\NeelPrajnaPro\ops\T-050_np_s2_preflight_and_wo_p_addendum.ps1
Process ID: 15984
PSVersion: 5.1.19041.6456
PSEdition: Desktop
PSCompatibleVersions: 1.0, 2.0, 3.0, 4.0, 5.0, 5.1.19041.6456
BuildVersion: 10.0.19041.6456
CLRVersion: 4.0.30319.42000
WSManStackVersion: 3.0
PSRemotingProtocolVersion: 2.3
SerializationVersion: 1.1.0.1
**********************
Transcript started, output file is F:\NeelPrajnaPro\ops\runlogs\T-050_np_s2_preflight_and_wo_p_addendum.log
=== T-050 NP-S2 PREFLIGHT + WO-P ADDENDUM === 2026-07-31T07:17:25.8719022+05:30
--- [1] outstanding before commit ---
 M ops/ARCH-NP-004_WO-P_execution_parity.md
?? ops/T-050_np_s2_preflight_and_wo_p_addendum.ps1
?? ops/preflight/
?? ops/runlogs/T-050_np_s2_preflight_and_wo_p_addendum.log
--- [2] the preflight report exists and states a result ---
OK: PFR_NP-S2 present
OK: RESULT: NOT GREEN
OK: B1
OK: B2
OK: B3
OK: belong at G1
--- [3] the preflight is honest about WO-P not being blocked ---
OK: WO-P explicitly unblocked
--- [4] WO-P carries its state-machine position ---
OK: P2 BUILD lane
OK: sprint/NP-S2
OK: HANDOVER.md
OK: Mechanical exit check
OK: No ledger writes
--- [5] APPEND-ONLY: WO-P's original sections survive unedited ---
OK: original retained - AC-1
OK: original retained - byte-identically reproducible
OK: original retained - the stop fills
OK: original retained - does not require the lab unpause
--- [6] FROZEN GUARDS ---
OK: SS4 seal line and SS5 heading intact
OK: untouched - ops/NP-ADR-H07_definition_v1.1_draft_v2.0.md
OK: untouched - ops/NP-ADR-008_APPENDIX-A_provenance_correction.md
OK: untouched - ops/NP-ADR-008_APPENDIX-B_pinned_detector_mechanics.md
--- [7] stage docs + ops, commit, push ---
git : warning: in the working copy of 'ops/T-050_np_s2_preflight_and_wo_p_addendum.ps1', LF will be replaced by CRLF the next time Git 
touches it
At F:\NeelPrajnaPro\ops\T-050_np_s2_preflight_and_wo_p_addendum.ps1:62 char:1
+ git add docs ops 2>&1 | Out-String | Write-Host
+ ~~~~~~~~~~~~~~~~~~~~~
    + CategoryInfo          : NotSpecified: (warning: in the... Git touches it:String) [], RemoteException
    + FullyQualifiedErrorId : NativeCommandError
staged files:
ops/ARCH-NP-004_WO-P_execution_parity.md
ops/T-050_np_s2_preflight_and_wo_p_addendum.ps1
ops/preflight/PFR_NP-S2.md
ops/runlogs/T-050_np_s2_preflight_and_wo_p_addendum.log
[main 69ba53d] T-050: run NP-S2's P0 preflight retrospectively and reconcile WO-P with the sprint state machine. FINDING against the Architect: NP-S2 was opened by issuing ARCH-NP-004 directly, with no preflight and no G1, violating the machine's first rule on its first use - recorded, not quietly repaired. PFR_NP-S2 returns NOT GREEN on three blockers: the R6 scope is unnamed; a DST transition will fall inside a 3-6 month collection window and NP-S1 already cost a bug-and-revert cycle on exactly that class; and two of three build tracks have no written specification, which NP-D-012 makes insufficient. Four decisions batched for G1 including sealing the withheld-OOS designation POLICY now so only a mechanical act remains later - the first use of the rulebook lever. None of the blockers touches WO-P: it needs no scope, no data and no unpause, so it proceeds now as a P2 lane on sprint/NP-S2 while the collection track waits for G1
 4 files changed, 163 insertions(+)
 create mode 100644 ops/T-050_np_s2_preflight_and_wo_p_addendum.ps1
 create mode 100644 ops/preflight/PFR_NP-S2.md
 create mode 100644 ops/runlogs/T-050_np_s2_preflight_and_wo_p_addendum.log
git : To https://github.com/girishdomain-gum/NeelPrajnaPro.git
At F:\NeelPrajnaPro\ops\T-050_np_s2_preflight_and_wo_p_addendum.ps1:68 char:5
+     git push 2>&1 | Out-String | Write-Host
+     ~~~~~~~~~~~~~
    + CategoryInfo          : NotSpecified: (To https://gith...elPrajnaPro.git:String) [], RemoteException
    + FullyQualifiedErrorId : NativeCommandError
 
   1238d01..69ba53d  main -> main
69ba53d T-050: run NP-S2's P0 preflight retrospectively and reconcile WO-P with the sprint state machine. FINDING against the Architect: NP-S2 was opened by issuing ARCH-NP-004 directly, with no preflight and no G1, violating the machine's first rule on its first use - recorded, not quietly repaired. PFR_NP-S2 returns NOT GREEN on three blockers: the R6 scope is unnamed; a DST transition will fall inside a 3-6 month collection window and NP-S1 already cost a bug-and-revert cycle on exactly that class; and two of three build tracks have no written specification, which NP-D-012 makes insufficient. Four decisions batched for G1 including sealing the withheld-OOS designation POLICY now so only a mechanical act remains later - the first use of the rulebook lever. None of the blockers touches WO-P: it needs no scope, no data and no unpause, so it proceeds now as a P2 lane on sprint/NP-S2 while the collection track waits for G1
1238d01 T-049: attach run log
018190f T-049: sprint execution state machine v1.0 and WO-Q, the ARO implementation ladder. Seven milestones, each granting ONE permission, each with one exit test and one drill, each reversible: v0.0 preflight checklist (no code, highest value, run before G1) - v0.1 status.json read-only - v0.2 dashboard render - v0.3 waiting-to-inbox movement - v0.4 Owner packet assembly - v0.5 work-order creation - v0.6 lease recovery. Unit is one permission per PASSED DRILL, not per week: a permission is earned by catching planted faults, never by working once. ARO never writes datastore, docs, configs/hypotheses, qrf, ivf or CI at any rung. Accountability split refined but operational execution stays with the Architect - findings attach to whoever built or trusted the machinery, never to a script. Design work stops here; WO-P remains NP-S2's gating work order and nothing on this ladder sits on its critical path
--- [8] tree state after commit ---
 M ops/runlogs/T-050_np_s2_preflight_and_wo_p_addendum.log

RESULT: OK - preflight on the record. WO-P may start; the collection track waits for G1.
**********************
Windows PowerShell transcript end
End time: 20260731071729
**********************
