**********************
Windows PowerShell transcript start
Start time: 20260730000711
Username: GIRISH-KUMAR\giris
RunAs User: GIRISH-KUMAR\giris
Configuration Name: 
Machine: GIRISH-KUMAR (Microsoft Windows NT 10.0.19045.0)
Host Application: C:\WINDOWS\System32\WindowsPowerShell\v1.0\powershell.exe -ExecutionPolicy Bypass -File F:\NeelPrajnaPro\ops\T-016_place_scientific_model_docx.ps1
Process ID: 10168
PSVersion: 5.1.19041.6456
PSEdition: Desktop
PSCompatibleVersions: 1.0, 2.0, 3.0, 4.0, 5.0, 5.1.19041.6456
BuildVersion: 10.0.19041.6456
CLRVersion: 4.0.30319.42000
WSManStackVersion: 3.0
PSRemotingProtocolVersion: 2.3
SerializationVersion: 1.1.0.1
**********************
Transcript started, output file is F:\NeelPrajnaPro\ops\runlogs\T-016_place_scientific_model_docx.log
=== T-016 place Scientific Model docx twin === 2026-07-30T00:07:11.8644756+05:30
--- [1] fetch from Downloads ---
placed docs\scientific_model\NeelPrajnaPro_Scientific_Model-v1.0.docx
--- [2] verify twin invariant: exactly one basename in the folder ---
basenames found: NeelPrajnaPro_Scientific_Model-v1.0
files: NeelPrajnaPro_Scientific_Model-v1.0.docx, NeelPrajnaPro_Scientific_Model-v1.0.md
--- [3] commit + push ---

[main e157030] T-016: Scientific Model docx twin placed (whiteboard render, 7 diagrams, per HOW_THIS_DOC_WAS_BUILT.md; same basename+folder as the md master)
 1 file changed, 0 insertions(+), 0 deletions(-)
 create mode 100644 docs/scientific_model/NeelPrajnaPro_Scientific_Model-v1.0.docx
git : To https://github.com/girishdomain-gum/NeelPrajnaPro.git
At F:\NeelPrajnaPro\ops\T-016_place_scientific_model_docx.ps1:43 char:1
+ git push 2>&1 | Out-String | Write-Host
+ ~~~~~~~~~~~~~
    + CategoryInfo          : NotSpecified: (To https://gith...elPrajnaPro.git:String) [], RemoteException
    + FullyQualifiedErrorId : NativeCommandError
 
   3442bfb..e157030  main -> main
e157030 T-016: Scientific Model docx twin placed (whiteboard render, 7 diagrams, per HOW_THIS_DOC_WAS_BUILT.md; same basename+folder as the md master)
3442bfb T-015: attach run log

RESULT: OK
**********************
Windows PowerShell transcript end
End time: 20260730000716
**********************
