**********************
Windows PowerShell transcript start
Start time: 20260730010406
Username: GIRISH-KUMAR\giris
RunAs User: GIRISH-KUMAR\giris
Configuration Name: 
Machine: GIRISH-KUMAR (Microsoft Windows NT 10.0.19045.0)
Host Application: C:\WINDOWS\System32\WindowsPowerShell\v1.0\powershell.exe -ExecutionPolicy Bypass -File F:\NeelPrajnaPro\ops\T-029_place_journal_docx.ps1
Process ID: 2032
PSVersion: 5.1.19041.6456
PSEdition: Desktop
PSCompatibleVersions: 1.0, 2.0, 3.0, 4.0, 5.0, 5.1.19041.6456
BuildVersion: 10.0.19041.6456
CLRVersion: 4.0.30319.42000
WSManStackVersion: 3.0
PSRemotingProtocolVersion: 2.3
SerializationVersion: 1.1.0.1
**********************
Transcript started, output file is F:\NeelPrajnaPro\ops\runlogs\T-029_place_journal_docx.log
=== T-029 place Journal docx twin (FINAL) === 2026-07-30T01:04:06.1094339+05:30
--- [1] fetch from Downloads ---
placed docs\journal\NeelPrajnaPro_Journal-v1.0.docx
--- [2] verify journal twin (basenames differ by design: log has no version, docx does) ---
files: NeelPrajnaPro_Journal-v1.0.docx, NeelPrajnaPro_Journal.md
--- [3] commit docs + ops together ---
git : warning: in the working copy of 'ops/runlogs/T-026_place_research_docx.log', CRLF will be replaced by LF the next time Git touches it
At F:\NeelPrajnaPro\ops\T-029_place_journal_docx.ps1:37 char:1
+ git add docs ops 2>&1 | Out-String | Write-Host
+ ~~~~~~~~~~~~~~~~~~~~~
    + CategoryInfo          : NotSpecified: (warning: in the... Git touches it:String) [], RemoteException
    + FullyQualifiedErrorId : NativeCommandError
 
warning: in the working copy of 'ops/runlogs/T-028_place_reference_docx.log', CRLF will be replaced by LF the next time Git touches it
warning: in the working copy of 'ops/T-029_place_journal_docx.ps1', LF will be replaced by CRLF the next time Git touches it
[main 1b4e04b] T-029: Journal docx twin placed (whiteboard render, 3 diagrams) - FOURTEENTH AND FINAL docx twin, all thing-folders with genuine content now covered
 5 files changed, 62 insertions(+), 4 deletions(-)
 create mode 100644 docs/journal/NeelPrajnaPro_Journal-v1.0.docx
 create mode 100644 ops/T-029_place_journal_docx.ps1
 create mode 100644 ops/runlogs/T-029_place_journal_docx.log
git : To https://github.com/girishdomain-gum/NeelPrajnaPro.git
At F:\NeelPrajnaPro\ops\T-029_place_journal_docx.ps1:42 char:5
+     git push 2>&1 | Out-String | Write-Host
+     ~~~~~~~~~~~~~
    + CategoryInfo          : NotSpecified: (To https://gith...elPrajnaPro.git:String) [], RemoteException
    + FullyQualifiedErrorId : NativeCommandError
 
   b1d92f4..1b4e04b  main -> main
1b4e04b T-029: Journal docx twin placed (whiteboard render, 3 diagrams) - FOURTEENTH AND FINAL docx twin, all thing-folders with genuine content now covered
b1d92f4 T-028: attach run log
fefa8e0 T-028: Reference Handbook docx twin placed (whiteboard render, 2 diagrams by design - deliberately not repeating ECF/MML/Architecture)

RESULT: OK - DOCX-TWIN PROJECT COMPLETE (14/14)
**********************
Windows PowerShell transcript end
End time: 20260730010410
**********************
