**********************
Windows PowerShell transcript start
Start time: 20260730010550
Username: GIRISH-KUMAR\giris
RunAs User: GIRISH-KUMAR\giris
Configuration Name: 
Machine: GIRISH-KUMAR (Microsoft Windows NT 10.0.19045.0)
Host Application: C:\WINDOWS\System32\WindowsPowerShell\v1.0\powershell.exe -ExecutionPolicy Bypass -File F:\NeelPrajnaPro\ops\T-026_place_research_docx.ps1
Process ID: 12556
PSVersion: 5.1.19041.6456
PSEdition: Desktop
PSCompatibleVersions: 1.0, 2.0, 3.0, 4.0, 5.0, 5.1.19041.6456
BuildVersion: 10.0.19041.6456
CLRVersion: 4.0.30319.42000
WSManStackVersion: 3.0
PSRemotingProtocolVersion: 2.3
SerializationVersion: 1.1.0.1
**********************
Transcript started, output file is F:\NeelPrajnaPro\ops\runlogs\T-026_place_research_docx.log
=== T-026 place Research docx twin === 2026-07-30T01:05:50.8368003+05:30
--- [1] fetch from Downloads ---
placed docs\research\NeelPrajnaPro_Research-v1.0.docx
--- [2] verify twin invariant ---
basenames: NeelPrajnaPro_Research-v1.0
files: NeelPrajnaPro_Research-v1.0.docx, NeelPrajnaPro_Research-v1.0.md
--- [3] commit docs + ops together ---
git : warning: in the working copy of 'ops/runlogs/T-029_place_journal_docx.log', CRLF will be replaced by LF the next time Git touches it
At F:\NeelPrajnaPro\ops\T-026_place_research_docx.ps1:37 char:1
+ git add docs ops 2>&1 | Out-String | Write-Host
+ ~~~~~~~~~~~~~~~~~~~~~
    + CategoryInfo          : NotSpecified: (warning: in the... Git touches it:String) [], RemoteException
    + FullyQualifiedErrorId : NativeCommandError
[main 4a11848] T-026: Research docx twin placed (whiteboard render, 3 diagrams) - tenth and final planned docx twin
 2 files changed, 28 deletions(-)
 create mode 100644 docs/research/NeelPrajnaPro_Research-v1.0.docx
git : To https://github.com/girishdomain-gum/NeelPrajnaPro.git
At F:\NeelPrajnaPro\ops\T-026_place_research_docx.ps1:42 char:5
+     git push 2>&1 | Out-String | Write-Host
+     ~~~~~~~~~~~~~
    + CategoryInfo          : NotSpecified: (To https://gith...elPrajnaPro.git:String) [], RemoteException
    + FullyQualifiedErrorId : NativeCommandError
 
   cc4c663..4a11848  main -> main
4a11848 T-026: Research docx twin placed (whiteboard render, 3 diagrams) - tenth and final planned docx twin
cc4c663 T-029: attach run log
1b4e04b T-029: Journal docx twin placed (whiteboard render, 3 diagrams) - FOURTEENTH AND FINAL docx twin, all thing-folders with genuine content now covered

RESULT: OK
**********************
Windows PowerShell transcript end
End time: 20260730010554
**********************
