**********************
Windows PowerShell transcript start
Start time: 20260730003037
Username: GIRISH-KUMAR\giris
RunAs User: GIRISH-KUMAR\giris
Configuration Name: 
Machine: GIRISH-KUMAR (Microsoft Windows NT 10.0.19045.0)
Host Application: C:\WINDOWS\System32\WindowsPowerShell\v1.0\powershell.exe -ExecutionPolicy Bypass -File F:\NeelPrajnaPro\ops\T-020_place_vv_plan_docx.ps1
Process ID: 5664
PSVersion: 5.1.19041.6456
PSEdition: Desktop
PSCompatibleVersions: 1.0, 2.0, 3.0, 4.0, 5.0, 5.1.19041.6456
BuildVersion: 10.0.19041.6456
CLRVersion: 4.0.30319.42000
WSManStackVersion: 3.0
PSRemotingProtocolVersion: 2.3
SerializationVersion: 1.1.0.1
**********************
Transcript started, output file is F:\NeelPrajnaPro\ops\runlogs\T-020_place_vv_plan_docx.log
=== T-020 place VV_Plan docx twin === 2026-07-30T00:30:37.8327774+05:30
--- [1] fetch from Downloads ---
placed docs\vv_plan\NeelPrajnaPro_VV_Plan-v1.0.docx
--- [2] verify twin invariant ---
basenames: NeelPrajnaPro_VV_Plan-v1.0
files: NeelPrajnaPro_VV_Plan-v1.0.docx, NeelPrajnaPro_VV_Plan-v1.0.md
--- [3] commit + push ---

[main b0fa7ce] T-020: VV_Plan docx twin placed (whiteboard render, 4 diagrams, per HOW_THIS_DOC_WAS_BUILT.md)
 1 file changed, 3 insertions(+)
git : To https://github.com/girishdomain-gum/NeelPrajnaPro.git
At F:\NeelPrajnaPro\ops\T-020_place_vv_plan_docx.ps1:41 char:1
+ git push 2>&1 | Out-String | Write-Host
+ ~~~~~~~~~~~~~
    + CategoryInfo          : NotSpecified: (To https://gith...elPrajnaPro.git:String) [], RemoteException
    + FullyQualifiedErrorId : NativeCommandError
 
   c072021..b0fa7ce  main -> main
b0fa7ce T-020: VV_Plan docx twin placed (whiteboard render, 4 diagrams, per HOW_THIS_DOC_WAS_BUILT.md)
c072021 T-020: attach run log

RESULT: OK
**********************
Windows PowerShell transcript end
End time: 20260730003040
**********************
