**********************
Windows PowerShell transcript start
Start time: 20260730004116
Username: GIRISH-KUMAR\giris
RunAs User: GIRISH-KUMAR\giris
Configuration Name: 
Machine: GIRISH-KUMAR (Microsoft Windows NT 10.0.19045.0)
Host Application: C:\WINDOWS\System32\WindowsPowerShell\v1.0\powershell.exe -ExecutionPolicy Bypass -File F:\NeelPrajnaPro\ops\T-024_place_writing_standard_docx.ps1
Process ID: 9704
PSVersion: 5.1.19041.6456
PSEdition: Desktop
PSCompatibleVersions: 1.0, 2.0, 3.0, 4.0, 5.0, 5.1.19041.6456
BuildVersion: 10.0.19041.6456
CLRVersion: 4.0.30319.42000
WSManStackVersion: 3.0
PSRemotingProtocolVersion: 2.3
SerializationVersion: 1.1.0.1
**********************
Transcript started, output file is F:\NeelPrajnaPro\ops\runlogs\T-024_place_writing_standard_docx.log
=== T-024 place Writing Standard docx twin === 2026-07-30T00:41:16.5095416+05:30
--- [1] fetch from Downloads ---
placed docs\writing_standard\NeelPrajnaPro_Writing_Standard-v1.0.docx
--- [2] verify twin invariant ---
basenames: NeelPrajnaPro_Writing_Standard-v1.0
files: NeelPrajnaPro_Writing_Standard-v1.0.docx, NeelPrajnaPro_Writing_Standard-v1.0.md
--- [3] commit docs AND ops together (F-22 fix: this script commits itself too) ---
git : warning: in the working copy of 'ops/T-025_place_decisions_docx.ps1', LF will be replaced by CRLF the next time Git touches it
At F:\NeelPrajnaPro\ops\T-024_place_writing_standard_docx.ps1:39 char:1
+ git add docs ops 2>&1 | Out-String | Write-Host
+ ~~~~~~~~~~~~~~~~~~~~~
    + CategoryInfo          : NotSpecified: (warning: in the... Git touches it:String) [], RemoteException
    + FullyQualifiedErrorId : NativeCommandError
[main 7519a02] T-024: Writing Standard docx twin placed (whiteboard render, 4 diagrams) + ops scripts swept per F-22 fix
 3 files changed, 58 insertions(+), 48 deletions(-)
 create mode 100644 ops/T-025_place_decisions_docx.ps1
git : To https://github.com/girishdomain-gum/NeelPrajnaPro.git
At F:\NeelPrajnaPro\ops\T-024_place_writing_standard_docx.ps1:44 char:5
+     git push 2>&1 | Out-String | Write-Host
+     ~~~~~~~~~~~~~
    + CategoryInfo          : NotSpecified: (To https://gith...elPrajnaPro.git:String) [], RemoteException
    + FullyQualifiedErrorId : NativeCommandError
 
   1c8d0c5..7519a02  main -> main
7519a02 T-024: Writing Standard docx twin placed (whiteboard render, 4 diagrams) + ops scripts swept per F-22 fix
1c8d0c5 T-024: attach run log
476898d T-024: Writing Standard docx twin placed (whiteboard render, 4 diagrams) + ops scripts swept per F-22 fix

RESULT: OK
**********************
Windows PowerShell transcript end
End time: 20260730004119
**********************
