**********************
Windows PowerShell transcript start
Start time: 20260730182829
Username: GIRISH-KUMAR\giris
RunAs User: GIRISH-KUMAR\giris
Configuration Name: 
Machine: GIRISH-KUMAR (Microsoft Windows NT 10.0.19045.0)
Host Application: C:\WINDOWS\System32\WindowsPowerShell\v1.0\powershell.exe -ExecutionPolicy Bypass -File F:\NeelPrajnaPro\ops\T-041_sweep_verdict_and_issue_ivf.ps1
Process ID: 16444
PSVersion: 5.1.19041.6456
PSEdition: Desktop
PSCompatibleVersions: 1.0, 2.0, 3.0, 4.0, 5.0, 5.1.19041.6456
BuildVersion: 10.0.19041.6456
CLRVersion: 4.0.30319.42000
WSManStackVersion: 3.0
PSRemotingProtocolVersion: 2.3
SerializationVersion: 1.1.0.1
**********************
Transcript started, output file is F:\NeelPrajnaPro\ops\runlogs\T-041_sweep_verdict_and_issue_ivf.log
=== T-041 SWEEP + ISSUE IVF INSTRUCTION (AC-6) === 2026-07-30T18:28:29.0982588+05:30
--- [1] outstanding before commit ---
?? ops/runlogs/T-041_sweep_verdict_and_issue_ivf.log
--- [2] the IVF instruction exists and is complete ---
OK: IVF instruction present
OK: 01KYSGQR3D8SYSVJFSF9M77CMY
OK: 0.057415412388292036
OK: 0.002631578947368421
OK: never imports
--- [3] drill-before-judge is mandated (QRF-ADR-006) ---
OK: drill precedes the real re-derivation
--- [4] FROZEN GUARDS ---
OK: SS4 seal line and SS5 heading intact
OK: ratified ADR body untouched
--- [5] stage docs + ops, commit, push ---

staged files:
ops/runlogs/T-041_sweep_verdict_and_issue_ivf.log
[main 9b2df73] T-041: issue ARCH-NP-002 - IVF instruction for AC-6, independent re-derivation of NP-S1's first integrated verdict (01KYSGQR3D8SYSVJFSF9M77CMY: n=259, net mean +1.5196/oz, p=0.0574, effective alpha 0.0026316 over 19 family trials, FAIL; burn 01KYSGQR6K1HHRT66R78BV6Z8Y atomic). Drill-before-judge mandated: six planted frauds plus a clean control, all caught before any real record is checked. Four unchecked-by-anyone items included: FAIL survives at undeflated alpha, the three non-equivalence statements present in the registration, independent SWEEP recount from ADR text alone, honest bar build. IVF never imports qrf
 1 file changed, 0 insertions(+), 0 deletions(-)
 create mode 100644 ops/runlogs/T-041_sweep_verdict_and_issue_ivf.log
git : To https://github.com/girishdomain-gum/NeelPrajnaPro.git
At F:\NeelPrajnaPro\ops\T-041_sweep_verdict_and_issue_ivf.ps1:57 char:5
+     git push 2>&1 | Out-String | Write-Host
+     ~~~~~~~~~~~~~
    + CategoryInfo          : NotSpecified: (To https://gith...elPrajnaPro.git:String) [], RemoteException
    + FullyQualifiedErrorId : NativeCommandError
 
   0b342b7..9b2df73  main -> main
9b2df73 T-041: issue ARCH-NP-002 - IVF instruction for AC-6, independent re-derivation of NP-S1's first integrated verdict (01KYSGQR3D8SYSVJFSF9M77CMY: n=259, net mean +1.5196/oz, p=0.0574, effective alpha 0.0026316 over 19 family trials, FAIL; burn 01KYSGQR6K1HHRT66R78BV6Z8Y atomic). Drill-before-judge mandated: six planted frauds plus a clean control, all caught before any real record is checked. Four unchecked-by-anyone items included: FAIL survives at undeflated alpha, the three non-equivalence statements present in the registration, independent SWEEP recount from ADR text alone, honest bar build. IVF never imports qrf
0b342b7 T-040: attach run log
830e675 T-040: OWNER OK (SS7.2 clarification) - NP-ADR-008 Appendix A accepted. T3_SweepFVGGate.mqh header says 'was Gate 8': SS5 v1.0 is a hybrid - Gate 7's absorbed pool engine plus Gate 8's mandatory MSS/FVG chain - so the seven divergences are largely cross-hypothesis, not cross-version. kb.json shows H-07 = equal-high/low sweep + reclose (no MSS) with v1.1's exact parameters, so the Python implements H-07 as defined; H-07's MQL5 original is deleted and unrecoverable. Nothing ratified changed; no re-registration. DEVQ-NP-003 resolved (the 17 = H-01..H-06, H-08..H-18; counting is not selecting), DEVQ-NP-004 resolved. Journal J-035
--- [6] tree state after commit ---
 M ops/runlogs/T-041_sweep_verdict_and_issue_ivf.log

RESULT: OK - IVF instruction issued. AC-6 is the last open acceptance criterion.
**********************
Windows PowerShell transcript end
End time: 20260730182832
**********************
