**********************
Windows PowerShell transcript start
Start time: 20260730195840
Username: GIRISH-KUMAR\giris
RunAs User: GIRISH-KUMAR\giris
Configuration Name: 
Machine: GIRISH-KUMAR (Microsoft Windows NT 10.0.19045.0)
Host Application: C:\WINDOWS\System32\WindowsPowerShell\v1.0\powershell.exe -ExecutionPolicy Bypass -File F:\NeelPrajnaPro\ops\T-042_appendix_B_and_ivf_recheck.ps1
Process ID: 13252
PSVersion: 5.1.19041.6456
PSEdition: Desktop
PSCompatibleVersions: 1.0, 2.0, 3.0, 4.0, 5.0, 5.1.19041.6456
BuildVersion: 10.0.19041.6456
CLRVersion: 4.0.30319.42000
WSManStackVersion: 3.0
PSRemotingProtocolVersion: 2.3
SerializationVersion: 1.1.0.1
**********************
Transcript started, output file is F:\NeelPrajnaPro\ops\runlogs\T-042_appendix_B_and_ivf_recheck.log
=== T-042 APPENDIX B + IVF RE-CHECK (AC-6 RED response) === 2026-07-30T19:58:40.4386807+05:30
--- [1] outstanding before commit ---
?? ops/ARCH-NP-003_IVF_recheck_instruction.md
?? ops/NP-ADR-008_APPENDIX-B_pinned_detector_mechanics.md
?? ops/T-042_appendix_B_and_ivf_recheck.ps1
?? ops/runlogs/T-042_appendix_B_and_ivf_recheck.log
--- [2] both artifacts exist and carry their load-bearing content ---
OK: Appendix B present
OK: re-check instruction present
OK: pinned - ANCHORED on the newest pivot
OK: pinned - p+1 and p+2
OK: pinned - 3,099 pivots
OK: pinned - 465 pools
OK: pinned - 325 sweeps
OK: anti-tuning clause present
--- [3] the RED is preserved, not softened ---
NOTE: IVF report not on this branch yet (lives on the IVF branch) - not an error
--- [4] FROZEN / APPEND-ONLY GUARDS ---
OK: SS4 seal line and SS5 heading intact
OK: untouched - ops/NP-ADR-H07_definition_v1.1_draft_v2.0.md
OK: untouched - ops/NP-ADR-008_APPENDIX-A_provenance_correction.md
--- [5] stage docs + ops, commit, push ---
git : warning: in the working copy of 'ops/T-042_appendix_B_and_ivf_recheck.ps1', LF will be replaced by CRLF the next time Git touches it
At F:\NeelPrajnaPro\ops\T-042_appendix_B_and_ivf_recheck.ps1:61 char:1
+ git add docs ops 2>&1 | Out-String | Write-Host
+ ~~~~~~~~~~~~~~~~~~~~~
    + CategoryInfo          : NotSpecified: (warning: in the... Git touches it:String) [], RemoteException
    + FullyQualifiedErrorId : NativeCommandError
staged files:
ops/ARCH-NP-003_IVF_recheck_instruction.md
ops/NP-ADR-008_APPENDIX-B_pinned_detector_mechanics.md
ops/T-042_appendix_B_and_ivf_recheck.ps1
ops/runlogs/T-042_appendix_B_and_ivf_recheck.log
[main 510936e] T-042: respond to the IVF RED on AC-6. Appendix B pins the detector mechanics NP-ADR-008 SS3 left unstated - anchored (non-transitive) pool membership, entire suppression by active pools only, sweep-checks-before-pool-formation ordering, and reclose testable at p, p+1 AND p+2 - after localizing the 331-vs-325 gap to pool formation (pivots agreed exactly at 3,099; pools differed by 11). Target for re-derivation: 3,099 pivots / 465 pools / 325 sweeps. B.7 accepts the registration wording as-is (re-registration would orphan the verdict and spend two more trials); finding recorded against the Architect for requiring verbatim text without supplying it. B.9 opens a standing rule after the day's third instance of a normative text unable to reproduce its own output without reading code. ARCH-NP-003 re-checks only SS3.2 and SS3.3; the drill, the chain re-derivation and SS3.1/SS3.4 stand
 4 files changed, 224 insertions(+)
 create mode 100644 ops/ARCH-NP-003_IVF_recheck_instruction.md
 create mode 100644 ops/NP-ADR-008_APPENDIX-B_pinned_detector_mechanics.md
 create mode 100644 ops/T-042_appendix_B_and_ivf_recheck.ps1
 create mode 100644 ops/runlogs/T-042_appendix_B_and_ivf_recheck.log
git : To https://github.com/girishdomain-gum/NeelPrajnaPro.git
At F:\NeelPrajnaPro\ops\T-042_appendix_B_and_ivf_recheck.ps1:67 char:5
+     git push 2>&1 | Out-String | Write-Host
+     ~~~~~~~~~~~~~
    + CategoryInfo          : NotSpecified: (To https://gith...elPrajnaPro.git:String) [], RemoteException
    + FullyQualifiedErrorId : NativeCommandError
 
   3e3bd71..510936e  main -> main
510936e T-042: respond to the IVF RED on AC-6. Appendix B pins the detector mechanics NP-ADR-008 SS3 left unstated - anchored (non-transitive) pool membership, entire suppression by active pools only, sweep-checks-before-pool-formation ordering, and reclose testable at p, p+1 AND p+2 - after localizing the 331-vs-325 gap to pool formation (pivots agreed exactly at 3,099; pools differed by 11). Target for re-derivation: 3,099 pivots / 465 pools / 325 sweeps. B.7 accepts the registration wording as-is (re-registration would orphan the verdict and spend two more trials); finding recorded against the Architect for requiring verbatim text without supplying it. B.9 opens a standing rule after the day's third instance of a normative text unable to reproduce its own output without reading code. ARCH-NP-003 re-checks only SS3.2 and SS3.3; the drill, the chain re-derivation and SS3.1/SS3.4 stand
3e3bd71 Merge NP-S1 deliverables 1-6: v1.1 detector, M5 ingestion, window designation, 19 registrations, first integrated verdict (FAIL) with atomic burn, and the AC-4 comparison report
6ef0a0f T-041: attach run log
--- [6] tree state after commit ---
 M ops/runlogs/T-042_appendix_B_and_ivf_recheck.log

RESULT: OK - Appendix B and the re-check instruction are on the record. AC-6 remains RED until the IVF re-check closes it.
**********************
Windows PowerShell transcript end
End time: 20260730195844
**********************
