**********************
Windows PowerShell transcript start
Start time: 20260730203723
Username: GIRISH-KUMAR\giris
RunAs User: GIRISH-KUMAR\giris
Configuration Name: 
Machine: GIRISH-KUMAR (Microsoft Windows NT 10.0.19045.0)
Host Application: C:\WINDOWS\System32\WindowsPowerShell\v1.0\powershell.exe -ExecutionPolicy Bypass -File F:\NeelPrajnaPro\ops\T-044_hc_passed_issue_rev.ps1
Process ID: 16444
PSVersion: 5.1.19041.6456
PSEdition: Desktop
PSCompatibleVersions: 1.0, 2.0, 3.0, 4.0, 5.0, 5.1.19041.6456
BuildVersion: 10.0.19041.6456
CLRVersion: 4.0.30319.42000
WSManStackVersion: 3.0
PSRemotingProtocolVersion: 2.3
SerializationVersion: 1.1.0.1
**********************
Transcript started, output file is F:\NeelPrajnaPro\ops\runlogs\T-044_hc_passed_issue_rev.log
=== T-044 HC PASSED + ISSUE REV BRIEF === 2026-07-30T20:37:23.7718655+05:30
--- [1] outstanding before commit ---
?? ops/runlogs/T-044_hc_passed_issue_rev.log
--- [2] HC pass and REV brief are on record ---
OK: journal J-036
OK: Owner HC wording recorded verbatim
OK: REV brief present
--- [3] the REV brief names the sprint's weaknesses, not just its wins ---
OK: trade rule was substituted
OK: text-code fidelity
OK: inflationary
OK: sign disagreement
OK: against me
--- [4] the IVF's original RED is still present (SS7 is an append, not an edit) ---
OK: original RED preserved
--- [5] FROZEN / APPEND-ONLY GUARDS ---
OK: SS4 seal line and SS5 heading intact
OK: untouched - ops/NP-ADR-H07_definition_v1.1_draft_v2.0.md
OK: untouched - ops/NP-ADR-008_APPENDIX-A_provenance_correction.md
OK: untouched - ops/NP-ADR-008_APPENDIX-B_pinned_detector_mechanics.md
--- [6] stage docs + ops, commit, push ---

staged files:
ops/runlogs/T-044_hc_passed_issue_rev.log
[main 27847c4] T-044: Owner HC PASSED - 'HC passed. Proceed to REV.' Journal J-036 records AC-6 closing GREEN after a correct RED: the recount gap was a real P6 defect (two faithful readers of the sealed text produced different event sets), localized to pool formation (pivots agreed exactly at 3,099), pinned by Appendix B, and re-derived exact at 3,099/465/325 with no tuning. Root causes B.3 (suppression compared the pivot's raw price, not the candidate pool's computed level) and B.4 (unflagged per-bar ordering) - NOT B.5, which the Architect had named and which was correct. Lesson recorded: disclosing assumptions is insufficient unless disclosed at the granularity where two implementers could differ. Limitation permanent: text-code fidelity, not independent code correctness. REV brief issued with five adversarial questions, the first being that the audited engine could not express the evidenced stop/target, so the Battery judged sweep-then-hold-12-bars and the comparison runs between two instruments on different strategies
 1 file changed, 0 insertions(+), 0 deletions(-)
 create mode 100644 ops/runlogs/T-044_hc_passed_issue_rev.log
git : To https://github.com/girishdomain-gum/NeelPrajnaPro.git
At F:\NeelPrajnaPro\ops\T-044_hc_passed_issue_rev.ps1:65 char:5
+     git push 2>&1 | Out-String | Write-Host
+     ~~~~~~~~~~~~~
    + CategoryInfo          : NotSpecified: (To https://gith...elPrajnaPro.git:String) [], RemoteException
    + FullyQualifiedErrorId : NativeCommandError
 
   9a0f2cd..27847c4  main -> main
27847c4 T-044: Owner HC PASSED - 'HC passed. Proceed to REV.' Journal J-036 records AC-6 closing GREEN after a correct RED: the recount gap was a real P6 defect (two faithful readers of the sealed text produced different event sets), localized to pool formation (pivots agreed exactly at 3,099), pinned by Appendix B, and re-derived exact at 3,099/465/325 with no tuning. Root causes B.3 (suppression compared the pivot's raw price, not the candidate pool's computed level) and B.4 (unflagged per-bar ordering) - NOT B.5, which the Architect had named and which was correct. Lesson recorded: disclosing assumptions is insufficient unless disclosed at the granularity where two implementers could differ. Limitation permanent: text-code fidelity, not independent code correctness. REV brief issued with five adversarial questions, the first being that the audited engine could not express the evidenced stop/target, so the Battery judged sweep-then-hold-12-bars and the comparison runs between two instruments on different strategies
9a0f2cd T-043: attach run log
ad73ac8 T-043: AC-6 GREEN and HC packet issued. IVF re-check under ARCH-NP-003 closed both RED lines: SS3.2 substance test 6/6 (byte deviation recorded per Appendix B.7, not a failure) and SS3.3 recount exact at 3,099 pivots / 465 pools / 325 sweeps with no tuning. Root causes were B.3 (suppression tested against the new pivot's raw price instead of the candidate pool's computed level, under-suppressing by 11 pools) and B.4 (per-bar ordering, an assumption never flagged) - NOT B.5, which the Architect had named as the strongest candidate and which was correct all along. Limitation carried forward permanently: the match shows text-code fidelity, not independent code correctness; genuine independence awaits NP-S2's fresh-data path. All six acceptance criteria met; no RED line remains. HC is the Owner's step and cannot be delegated
--- [7] tree state after commit ---
 M ops/runlogs/T-044_hc_passed_issue_rev.log

RESULT: OK - HC recorded, REV brief issued. Relay to the Chief Scientist; then Go/No-Go.
**********************
Windows PowerShell transcript end
End time: 20260730203726
**********************
